Component: ARM Compiler 5.05 update 1 (build 106) Tool: armlink [4d0efa]

==============================================================================

Section Cross References

    main.o(i.DAC_GPIO_Init) refers to stm32f0xx_rcc.o(i.RCC_AHBPeriphClockCmd) for RCC_AHBPeriphClockCmd
    main.o(i.DAC_GPIO_Init) refers to stm32f0xx_rcc.o(i.RCC_APB1PeriphClockCmd) for RCC_APB1PeriphClockCmd
    main.o(i.DAC_GPIO_Init) refers to stm32f0xx_gpio.o(i.GPIO_Init) for GPIO_Init
    main.o(i.DAC_OUT_Init) refers to main.o(i.DAC_GPIO_Init) for DAC_GPIO_Init
    main.o(i.DAC_OUT_Init) refers to stm32f0xx_dac.o(i.DAC_Init) for DAC_Init
    main.o(i.DAC_OUT_Init) refers to stm32f0xx_dac.o(i.DAC_Cmd) for DAC_Cmd
    main.o(i.DMA1_Channel1_IRQHandler) refers to stm32f0xx_dma.o(i.DMA_GetITStatus) for DMA_GetITStatus
    main.o(i.DMA1_Channel1_IRQHandler) refers to display.o(i.SMG_DisplayOUT_STATUS) for SMG_DisplayOUT_STATUS
    main.o(i.DMA1_Channel1_IRQHandler) refers to stm32f0xx_dma.o(i.DMA_ClearITPendingBit) for DMA_ClearITPendingBit
    main.o(i.DMA1_Channel1_IRQHandler) refers to main.o(.data) for .data
    main.o(i.DMA1_Channel1_IRQHandler) refers to main.o(.bss) for .bss
    main.o(i.DMA1_Channel1_IRQHandler) refers to lhsp.o(.data) for OUT2
    main.o(i.DMA1_Channel1_IRQHandler) refers to lhsp.o(.data) for OUT1
    main.o(i.FlashCheck) refers to main.o(i.Formula_100) for Formula_100
    main.o(i.FlashCheck) refers to main.o(.data) for .data
    main.o(i.FlashCheck) refers to main.o(.bss) for .bss
    main.o(i.Formula_100) refers to main.o(.data) for .data
    main.o(i.Formula_CRC16) refers to main.o(.data) for .data
    main.o(i.IO_GPIO_INIT) refers to stm32f0xx_rcc.o(i.RCC_AHBPeriphClockCmd) for RCC_AHBPeriphClockCmd
    main.o(i.IO_GPIO_INIT) refers to stm32f0xx_gpio.o(i.GPIO_StructInit) for GPIO_StructInit
    main.o(i.IO_GPIO_INIT) refers to stm32f0xx_gpio.o(i.GPIO_Init) for GPIO_Init
    main.o(i.RCC_Configuration) refers to stm32f0xx_rcc.o(i.RCC_DeInit) for RCC_DeInit
    main.o(i.RCC_Configuration) refers to stm32f0xx_rcc.o(i.RCC_HSICmd) for RCC_HSICmd
    main.o(i.RCC_Configuration) refers to stm32f0xx_rcc.o(i.RCC_GetFlagStatus) for RCC_GetFlagStatus
    main.o(i.RCC_Configuration) refers to stm32f0xx_rcc.o(i.RCC_HCLKConfig) for RCC_HCLKConfig
    main.o(i.RCC_Configuration) refers to stm32f0xx_rcc.o(i.RCC_PCLKConfig) for RCC_PCLKConfig
    main.o(i.RCC_Configuration) refers to stm32f0xx_rcc.o(i.RCC_PLLConfig) for RCC_PLLConfig
    main.o(i.RCC_Configuration) refers to stm32f0xx_rcc.o(i.RCC_PLLCmd) for RCC_PLLCmd
    main.o(i.RCC_Configuration) refers to stm32f0xx_rcc.o(i.RCC_ADCCLKConfig) for RCC_ADCCLKConfig
    main.o(i.RCC_Configuration) refers to stm32f0xx_rcc.o(i.RCC_SYSCLKConfig) for RCC_SYSCLKConfig
    main.o(i.RCC_Configuration) refers to stm32f0xx_rcc.o(i.RCC_GetSYSCLKSource) for RCC_GetSYSCLKSource
    main.o(i.SMG_GPIO_INIT) refers to stm32f0xx_rcc.o(i.RCC_AHBPeriphClockCmd) for RCC_AHBPeriphClockCmd
    main.o(i.SMG_GPIO_INIT) refers to stm32f0xx_gpio.o(i.GPIO_StructInit) for GPIO_StructInit
    main.o(i.SMG_GPIO_INIT) refers to stm32f0xx_gpio.o(i.GPIO_Init) for GPIO_Init
    main.o(i.SMG_GPIO_INIT) refers to stm32f0xx_gpio.o(i.GPIO_WriteBit) for GPIO_WriteBit
    main.o(i.TIM1_BRK_UP_TRG_COM_IRQHandler) refers to stm32f0xx_tim.o(i.TIM_GetITStatus) for TIM_GetITStatus
    main.o(i.TIM1_BRK_UP_TRG_COM_IRQHandler) refers to stm32f0xx_tim.o(i.TIM_ClearITPendingBit) for TIM_ClearITPendingBit
    main.o(i.TIM2_IRQHandler) refers to stm32f0xx_tim.o(i.TIM_GetITStatus) for TIM_GetITStatus
    main.o(i.TIM2_IRQHandler) refers to stm32f0xx_tim.o(i.TIM_ClearITPendingBit) for TIM_ClearITPendingBit
    main.o(i.TIM3_IRQHandler) refers to stm32f0xx_tim.o(i.TIM_GetITStatus) for TIM_GetITStatus
    main.o(i.TIM3_IRQHandler) refers to uidiv.o(.text) for __aeabi_uidivmod
    main.o(i.TIM3_IRQHandler) refers to display.o(i.SMG_Diplay) for SMG_Diplay
    main.o(i.TIM3_IRQHandler) refers to key.o(i.Key_Scan) for Key_Scan
    main.o(i.TIM3_IRQHandler) refers to stm32f0xx_tim.o(i.TIM_ClearITPendingBit) for TIM_ClearITPendingBit
    main.o(i.TIM3_IRQHandler) refers to main.o(.data) for .data
    main.o(i.TIM3_IRQHandler) refers to lhsp.o(.data) for OUT2
    main.o(i.TIM3_IRQHandler) refers to lhsp.o(.data) for EventFlag
    main.o(i.adc_config) refers to stm32f0xx_rcc.o(i.RCC_APB2PeriphClockCmd) for RCC_APB2PeriphClockCmd
    main.o(i.adc_config) refers to stm32f0xx_adc.o(i.ADC_DeInit) for ADC_DeInit
    main.o(i.adc_config) refers to stm32f0xx_adc.o(i.ADC_StructInit) for ADC_StructInit
    main.o(i.adc_config) refers to stm32f0xx_adc.o(i.ADC_Init) for ADC_Init
    main.o(i.adc_config) refers to stm32f0xx_adc.o(i.ADC_OverrunModeCmd) for ADC_OverrunModeCmd
    main.o(i.adc_config) refers to stm32f0xx_adc.o(i.ADC_ChannelConfig) for ADC_ChannelConfig
    main.o(i.adc_config) refers to stm32f0xx_adc.o(i.ADC_GetCalibrationFactor) for ADC_GetCalibrationFactor
[...]
    Removing stm32f0xx_i2c.o(i.I2C_ExtendedClockTimeoutCmd), (22 bytes).
    Removing stm32f0xx_i2c.o(i.I2C_GeneralCallCmd), (20 bytes).
    Removing stm32f0xx_i2c.o(i.I2C_GenerateSTART), (20 bytes).
    Removing stm32f0xx_i2c.o(i.I2C_GenerateSTOP), (20 bytes).
    Removing stm32f0xx_i2c.o(i.I2C_GetAddressMatched), (10 bytes).
    Removing stm32f0xx_i2c.o(i.I2C_GetFlagStatus), (14 bytes).
    Removing stm32f0xx_i2c.o(i.I2C_GetITStatus), (48 bytes).
    Removing stm32f0xx_i2c.o(i.I2C_GetPEC), (6 bytes).
    Removing stm32f0xx_i2c.o(i.I2C_GetTransferDirection), (18 bytes).
    Removing stm32f0xx_i2c.o(i.I2C_ITConfig), (16 bytes).
    Removing stm32f0xx_i2c.o(i.I2C_IdleClockTimeoutCmd), (20 bytes).
    Removing stm32f0xx_i2c.o(i.I2C_Init), (100 bytes).
    Removing stm32f0xx_i2c.o(i.I2C_MasterRequestConfig), (20 bytes).
    Removing stm32f0xx_i2c.o(i.I2C_NumberOfBytesConfig), (16 bytes).
    Removing stm32f0xx_i2c.o(i.I2C_OwnAddress2Config), (28 bytes).
    Removing stm32f0xx_i2c.o(i.I2C_PECRequestCmd), (20 bytes).
    Removing stm32f0xx_i2c.o(i.I2C_ReadRegister), (10 bytes).
    Removing stm32f0xx_i2c.o(i.I2C_ReceiveData), (6 bytes).
    Removing stm32f0xx_i2c.o(i.I2C_ReloadCmd), (20 bytes).
    Removing stm32f0xx_i2c.o(i.I2C_SMBusAlertCmd), (20 bytes).
    Removing stm32f0xx_i2c.o(i.I2C_SendData), (4 bytes).
    Removing stm32f0xx_i2c.o(i.I2C_SlaveAddressConfig), (16 bytes).
    Removing stm32f0xx_i2c.o(i.I2C_SlaveByteControlCmd), (20 bytes).
    Removing stm32f0xx_i2c.o(i.I2C_SoftwareResetCmd), (20 bytes).
    Removing stm32f0xx_i2c.o(i.I2C_StopModeCmd), (20 bytes).
    Removing stm32f0xx_i2c.o(i.I2C_StretchClockCmd), (20 bytes).
    Removing stm32f0xx_i2c.o(i.I2C_StructInit), (22 bytes).
    Removing stm32f0xx_i2c.o(i.I2C_TimeoutAConfig), (16 bytes).
    Removing stm32f0xx_i2c.o(i.I2C_TimeoutBConfig), (20 bytes).
    Removing stm32f0xx_i2c.o(i.I2C_TransferHandling), (32 bytes).
    Removing stm32f0xx_iwdg.o(.rev16_text), (4 bytes).
    Removing stm32f0xx_iwdg.o(.revsh_text), (4 bytes).
    Removing stm32f0xx_iwdg.o(i.IWDG_Enable), (16 bytes).
    Removing stm32f0xx_iwdg.o(i.IWDG_GetFlagStatus), (20 bytes).
    Removing stm32f0xx_iwdg.o(i.IWDG_ReloadCounter), (16 bytes).
    Removing stm32f0xx_iwdg.o(i.IWDG_SetPrescaler), (12 bytes).
    Removing stm32f0xx_iwdg.o(i.IWDG_SetReload), (12 bytes).
    Removing stm32f0xx_iwdg.o(i.IWDG_SetWindowValue), (12 bytes).
    Removing stm32f0xx_iwdg.o(i.IWDG_WriteAccessCmd), (12 bytes).
    Removing stm32f0xx_misc.o(.rev16_text), (4 bytes).
    Removing stm32f0xx_misc.o(.revsh_text), (4 bytes).
    Removing stm32f0xx_misc.o(i.NVIC_SystemLPConfig), (24 bytes).
    Removing stm32f0xx_misc.o(i.SysTick_CLKSourceConfig), (24 bytes).
    Removing stm32f0xx_pwr.o(.rev16_text), (4 bytes).
    Removing stm32f0xx_pwr.o(.revsh_text), (4 bytes).
    Removing stm32f0xx_pwr.o(i.PWR_BackupAccessCmd), (24 bytes).
    Removing stm32f0xx_pwr.o(i.PWR_ClearFlag), (16 bytes).
    Removing stm32f0xx_pwr.o(i.PWR_DeInit), (22 bytes).
    Removing stm32f0xx_pwr.o(i.PWR_EnterSTANDBYMode), (32 bytes).
    Removing stm32f0xx_pwr.o(i.PWR_EnterSTOPMode), (60 bytes).
    Removing stm32f0xx_pwr.o(i.PWR_EnterSleepMode), (32 bytes).
    Removing stm32f0xx_pwr.o(i.PWR_GetFlagStatus), (20 bytes).
    Removing stm32f0xx_pwr.o(i.PWR_PVDCmd), (24 bytes).
    Removing stm32f0xx_pwr.o(i.PWR_PVDLevelConfig), (20 bytes).
    Removing stm32f0xx_pwr.o(i.PWR_WakeUpPinCmd), (24 bytes).
    Removing stm32f0xx_rcc.o(.rev16_text), (4 bytes).
    Removing stm32f0xx_rcc.o(.revsh_text), (4 bytes).
    Removing stm32f0xx_rcc.o(i.RCC_AHBPeriphResetCmd), (24 bytes).
    Removing stm32f0xx_rcc.o(i.RCC_AdjustHSI14CalibrationValue), (20 bytes).
    Removing stm32f0xx_rcc.o(i.RCC_AdjustHSICalibrationValue), (20 bytes).
    Removing stm32f0xx_rcc.o(i.RCC_BackupResetCmd), (28 bytes).
    Removing stm32f0xx_rcc.o(i.RCC_CECCLKConfig), (24 bytes).
    Removing stm32f0xx_rcc.o(i.RCC_ClearFlag), (20 bytes).
    Removing stm32f0xx_rcc.o(i.RCC_ClearITPendingBit), (12 bytes).
    Removing stm32f0xx_rcc.o(i.RCC_ClockSecuritySystemCmd), (28 bytes).
    Removing stm32f0xx_rcc.o(i.RCC_GetITStatus), (20 bytes).
    Removing stm32f0xx_rcc.o(i.RCC_HSEConfig), (16 bytes).
    Removing stm32f0xx_rcc.o(i.RCC_HSI14ADCRequestCmd), (24 bytes).
    Removing stm32f0xx_rcc.o(i.RCC_HSI14Cmd), (28 bytes).
    Removing stm32f0xx_rcc.o(i.RCC_HSI48Cmd), (28 bytes).
    Removing stm32f0xx_rcc.o(i.RCC_I2CCLKConfig), (24 bytes).
    Removing stm32f0xx_rcc.o(i.RCC_ITConfig), (24 bytes).
    Removing stm32f0xx_rcc.o(i.RCC_LSEConfig), (32 bytes).
    Removing stm32f0xx_rcc.o(i.RCC_LSEDriveConfig), (24 bytes).
    Removing stm32f0xx_rcc.o(i.RCC_LSICmd), (28 bytes).
    Removing stm32f0xx_rcc.o(i.RCC_MCOConfig), (24 bytes).
    Removing stm32f0xx_rcc.o(i.RCC_PREDIV1Config), (20 bytes).
    Removing stm32f0xx_rcc.o(i.RCC_RTCCLKCmd), (28 bytes).
    Removing stm32f0xx_rcc.o(i.RCC_RTCCLKConfig), (16 bytes).
    Removing stm32f0xx_rcc.o(i.RCC_USARTCLKConfig), (48 bytes).
    Removing stm32f0xx_rcc.o(i.RCC_USBCLKConfig), (24 bytes).
    Removing stm32f0xx_rcc.o(i.RCC_WaitForHSEStartUp), (44 bytes).
    Removing stm32f0xx_rtc.o(.rev16_text), (4 bytes).
    Removing stm32f0xx_rtc.o(.revsh_text), (4 bytes).
    Removing stm32f0xx_rtc.o(i.RTC_AlarmCmd), (80 bytes).
    Removing stm32f0xx_rtc.o(i.RTC_AlarmStructInit), (20 bytes).
    Removing stm32f0xx_rtc.o(i.RTC_AlarmSubSecondConfig), (32 bytes).
    Removing stm32f0xx_rtc.o(i.RTC_Bcd2ToByte), (16 bytes).
    Removing stm32f0xx_rtc.o(i.RTC_BypassShadowCmd), (40 bytes).
    Removing stm32f0xx_rtc.o(i.RTC_ByteToBcd2), (24 bytes).
    Removing stm32f0xx_rtc.o(i.RTC_CalibOutputCmd), (40 bytes).
    Removing stm32f0xx_rtc.o(i.RTC_CalibOutputConfig), (36 bytes).
    Removing stm32f0xx_rtc.o(i.RTC_ClearFlag), (28 bytes).
    Removing stm32f0xx_rtc.o(i.RTC_ClearITPendingBit), (28 bytes).
    Removing stm32f0xx_rtc.o(i.RTC_DateStructInit), (14 bytes).
    Removing stm32f0xx_rtc.o(i.RTC_DayLightSavingConfig), (40 bytes).
    Removing stm32f0xx_rtc.o(i.RTC_DeInit), (92 bytes).
    Removing stm32f0xx_rtc.o(i.RTC_EnterInitMode), (60 bytes).
    Removing stm32f0xx_rtc.o(i.RTC_ExitInitMode), (16 bytes).
    Removing stm32f0xx_rtc.o(i.RTC_GetAlarm), (100 bytes).
    Removing stm32f0xx_rtc.o(i.RTC_GetAlarmSubSecond), (16 bytes).
    Removing stm32f0xx_rtc.o(i.RTC_GetDate), (72 bytes).
    Removing stm32f0xx_rtc.o(i.RTC_GetFlagStatus), (28 bytes).
    Removing stm32f0xx_rtc.o(i.RTC_GetITStatus), (60 bytes).
    Removing stm32f0xx_rtc.o(i.RTC_GetStoreOperation), (16 bytes).
    Removing stm32f0xx_rtc.o(i.RTC_GetSubSecond), (12 bytes).
    Removing stm32f0xx_rtc.o(i.RTC_GetTime), (80 bytes).
    Removing stm32f0xx_rtc.o(i.RTC_GetTimeStamp), (136 bytes).
    Removing stm32f0xx_rtc.o(i.RTC_GetTimeStampSubSecond), (12 bytes).
    Removing stm32f0xx_rtc.o(i.RTC_GetWakeUpCounter), (12 bytes).
    Removing stm32f0xx_rtc.o(i.RTC_ITConfig), (60 bytes).
    Removing stm32f0xx_rtc.o(i.RTC_Init), (72 bytes).
    Removing stm32f0xx_rtc.o(i.RTC_OutputConfig), (40 bytes).
    Removing stm32f0xx_rtc.o(i.RTC_OutputTypeConfig), (24 bytes).
    Removing stm32f0xx_rtc.o(i.RTC_ReadBackupRegister), (20 bytes).
    Removing stm32f0xx_rtc.o(i.RTC_RefClockCmd), (60 bytes).
    Removing stm32f0xx_rtc.o(i.RTC_SetAlarm), (136 bytes).
    Removing stm32f0xx_rtc.o(i.RTC_SetDate), (148 bytes).
    Removing stm32f0xx_rtc.o(i.RTC_SetTime), (152 bytes).
    Removing stm32f0xx_rtc.o(i.RTC_SetWakeUpCounter), (24 bytes).
    Removing stm32f0xx_rtc.o(i.RTC_SmoothCalibConfig), (64 bytes).
    Removing stm32f0xx_rtc.o(i.RTC_StructInit), (14 bytes).
    Removing stm32f0xx_rtc.o(i.RTC_SynchroShiftConfig), (76 bytes).
    Removing stm32f0xx_rtc.o(i.RTC_TamperCmd), (24 bytes).
    Removing stm32f0xx_rtc.o(i.RTC_TamperFilterConfig), (24 bytes).
    Removing stm32f0xx_rtc.o(i.RTC_TamperPinsPrechargeDuration), (24 bytes).
    Removing stm32f0xx_rtc.o(i.RTC_TamperPullUpCmd), (24 bytes).
    Removing stm32f0xx_rtc.o(i.RTC_TamperSamplingFreqConfig), (24 bytes).
    Removing stm32f0xx_rtc.o(i.RTC_TamperTriggerConfig), (24 bytes).
    Removing stm32f0xx_rtc.o(i.RTC_TimeStampCmd), (44 bytes).
    Removing stm32f0xx_rtc.o(i.RTC_TimeStampOnTamperDetectionCmd), (24 bytes).
    Removing stm32f0xx_rtc.o(i.RTC_TimeStructInit), (12 bytes).
    Removing stm32f0xx_rtc.o(i.RTC_WaitForSynchro), (80 bytes).
    Removing stm32f0xx_rtc.o(i.RTC_WakeUpClockConfig), (36 bytes).
    Removing stm32f0xx_rtc.o(i.RTC_WakeUpCmd), (80 bytes).
    Removing stm32f0xx_rtc.o(i.RTC_WriteBackupRegister), (20 bytes).
    Removing stm32f0xx_rtc.o(i.RTC_WriteProtectionCmd), (24 bytes).
    Removing stm32f0xx_spi.o(.rev16_text), (4 bytes).
    Removing stm32f0xx_spi.o(.revsh_text), (4 bytes).
    Removing stm32f0xx_spi.o(i.I2S_Cmd), (28 bytes).
    Removing stm32f0xx_spi.o(i.I2S_Init), (156 bytes).
    Removing stm32f0xx_spi.o(i.I2S_StructInit), (18 bytes).
    Removing stm32f0xx_spi.o(i.SPI_BiDirectionalLineConfig), (28 bytes).
    Removing stm32f0xx_spi.o(i.SPI_CRCLengthConfig), (20 bytes).
    Removing stm32f0xx_spi.o(i.SPI_CalculateCRC), (28 bytes).
    Removing stm32f0xx_spi.o(i.SPI_Cmd), (18 bytes).
    Removing stm32f0xx_spi.o(i.SPI_DataSizeConfig), (16 bytes).
    Removing stm32f0xx_spi.o(i.SPI_GetCRC), (12 bytes).
    Removing stm32f0xx_spi.o(i.SPI_GetCRCPolynomial), (4 bytes).
    Removing stm32f0xx_spi.o(i.SPI_GetReceptionFIFOStatus), (10 bytes).
    Removing stm32f0xx_spi.o(i.SPI_GetTransmissionFIFOStatus), (10 bytes).
    Removing stm32f0xx_spi.o(i.SPI_I2S_ClearFlag), (6 bytes).
    Removing stm32f0xx_spi.o(i.SPI_I2S_DMACmd), (16 bytes).
    Removing stm32f0xx_spi.o(i.SPI_I2S_DeInit), (64 bytes).
    Removing stm32f0xx_spi.o(i.SPI_I2S_GetFlagStatus), (14 bytes).
    Removing stm32f0xx_spi.o(i.SPI_I2S_GetITStatus), (42 bytes).
    Removing stm32f0xx_spi.o(i.SPI_I2S_ITConfig), (24 bytes).
    Removing stm32f0xx_spi.o(i.SPI_I2S_ReceiveData16), (4 bytes).
    Removing stm32f0xx_spi.o(i.SPI_I2S_SendData16), (4 bytes).
    Removing stm32f0xx_spi.o(i.SPI_Init), (84 bytes).
    Removing stm32f0xx_spi.o(i.SPI_LastDMATransferCmd), (20 bytes).
    Removing stm32f0xx_spi.o(i.SPI_NSSInternalSoftwareConfig), (28 bytes).
    Removing stm32f0xx_spi.o(i.SPI_NSSPulseModeCmd), (18 bytes).
    Removing stm32f0xx_spi.o(i.SPI_ReceiveData8), (4 bytes).
    Removing stm32f0xx_spi.o(i.SPI_RxFIFOThresholdConfig), (20 bytes).
    Removing stm32f0xx_spi.o(i.SPI_SSOutputCmd), (18 bytes).
    Removing stm32f0xx_spi.o(i.SPI_SendData8), (4 bytes).
    Removing stm32f0xx_spi.o(i.SPI_StructInit), (28 bytes).
    Removing stm32f0xx_spi.o(i.SPI_TIModeCmd), (18 bytes).
    Removing stm32f0xx_spi.o(i.SPI_TransmitCRC), (12 bytes).
    Removing stm32f0xx_syscfg.o(.rev16_text), (4 bytes).
    Removing stm32f0xx_syscfg.o(.revsh_text), (4 bytes).
    Removing stm32f0xx_syscfg.o(i.SYSCFG_BreakConfig), (16 bytes).
    Removing stm32f0xx_syscfg.o(i.SYSCFG_ClearFlag), (16 bytes).
    Removing stm32f0xx_syscfg.o(i.SYSCFG_DMAChannelRemapConfig), (24 bytes).
    Removing stm32f0xx_syscfg.o(i.SYSCFG_DeInit), (36 bytes).
    Removing stm32f0xx_syscfg.o(i.SYSCFG_EXTILineConfig), (40 bytes).
    Removing stm32f0xx_syscfg.o(i.SYSCFG_GetFlagStatus), (20 bytes).
    Removing stm32f0xx_syscfg.o(i.SYSCFG_GetPendingIT), (24 bytes).
    Removing stm32f0xx_syscfg.o(i.SYSCFG_I2CFastModePlusConfig), (24 bytes).
    Removing stm32f0xx_syscfg.o(i.SYSCFG_IRDAEnvSelection), (24 bytes).
    Removing stm32f0xx_syscfg.o(i.SYSCFG_MemoryRemapConfig), (20 bytes).
    Removing stm32f0xx_tim.o(.rev16_text), (4 bytes).
    Removing stm32f0xx_tim.o(.revsh_text), (4 bytes).
    Removing stm32f0xx_tim.o(i.TI1_Config), (40 bytes).
    Removing stm32f0xx_tim.o(i.TI2_Config), (48 bytes).
    Removing stm32f0xx_tim.o(i.TIM_BDTRConfig), (34 bytes).
    Removing stm32f0xx_tim.o(i.TIM_BDTRStructInit), (18 bytes).
    Removing stm32f0xx_tim.o(i.TIM_CCPreloadControl), (20 bytes).
    Removing stm32f0xx_tim.o(i.TIM_CCxCmd), (22 bytes).
    Removing stm32f0xx_tim.o(i.TIM_CCxNCmd), (22 bytes).
    Removing stm32f0xx_tim.o(i.TIM_ClearFlag), (6 bytes).
    Removing stm32f0xx_tim.o(i.TIM_ClearOC1Ref), (12 bytes).
    Removing stm32f0xx_tim.o(i.TIM_ClearOC2Ref), (14 bytes).
    Removing stm32f0xx_tim.o(i.TIM_ClearOC3Ref), (12 bytes).
    Removing stm32f0xx_tim.o(i.TIM_ClearOC4Ref), (14 bytes).
    Removing stm32f0xx_tim.o(i.TIM_CounterModeConfig), (12 bytes).
    Removing stm32f0xx_tim.o(i.TIM_DMACmd), (16 bytes).
    Removing stm32f0xx_tim.o(i.TIM_DMAConfig), (8 bytes).
    Removing stm32f0xx_tim.o(i.TIM_ETRClockMode1Config), (28 bytes).
    Removing stm32f0xx_tim.o(i.TIM_ETRClockMode2Config), (20 bytes).
    Removing stm32f0xx_tim.o(i.TIM_ETRConfig), (18 bytes).
    Removing stm32f0xx_tim.o(i.TIM_EncoderInterfaceConfig), (48 bytes).
    Removing stm32f0xx_tim.o(i.TIM_ForcedOC1Config), (12 bytes).
    Removing stm32f0xx_tim.o(i.TIM_ForcedOC2Config), (20 bytes).
    Removing stm32f0xx_tim.o(i.TIM_ForcedOC3Config), (12 bytes).
    Removing stm32f0xx_tim.o(i.TIM_ForcedOC4Config), (20 bytes).
    Removing stm32f0xx_tim.o(i.TIM_GenerateEvent), (4 bytes).
    Removing stm32f0xx_tim.o(i.TIM_GetCapture1), (4 bytes).
    Removing stm32f0xx_tim.o(i.TIM_GetCapture2), (4 bytes).
    Removing stm32f0xx_tim.o(i.TIM_GetCapture3), (4 bytes).
    Removing stm32f0xx_tim.o(i.TIM_GetCapture4), (4 bytes).
    Removing stm32f0xx_tim.o(i.TIM_GetCounter), (4 bytes).
    Removing stm32f0xx_tim.o(i.TIM_GetFlagStatus), (14 bytes).
    Removing stm32f0xx_tim.o(i.TIM_GetPrescaler), (4 bytes).
    Removing stm32f0xx_tim.o(i.TIM_ICInit), (184 bytes).
    Removing stm32f0xx_tim.o(i.TIM_ICStructInit), (16 bytes).
    Removing stm32f0xx_tim.o(i.TIM_ITRxExternalClockConfig), (18 bytes).
    Removing stm32f0xx_tim.o(i.TIM_InternalClockConfig), (10 bytes).
    Removing stm32f0xx_tim.o(i.TIM_OC1FastConfig), (12 bytes).
    Removing stm32f0xx_tim.o(i.TIM_OC1NPolarityConfig), (12 bytes).
    Removing stm32f0xx_tim.o(i.TIM_OC1PolarityConfig), (12 bytes).
    Removing stm32f0xx_tim.o(i.TIM_OC2FastConfig), (20 bytes).
    Removing stm32f0xx_tim.o(i.TIM_OC2NPolarityConfig), (14 bytes).
    Removing stm32f0xx_tim.o(i.TIM_OC2PolarityConfig), (14 bytes).
    Removing stm32f0xx_tim.o(i.TIM_OC3FastConfig), (12 bytes).
    Removing stm32f0xx_tim.o(i.TIM_OC3Init), (136 bytes).
    Removing stm32f0xx_tim.o(i.TIM_OC3NPolarityConfig), (20 bytes).
    Removing stm32f0xx_tim.o(i.TIM_OC3PolarityConfig), (20 bytes).
    Removing stm32f0xx_tim.o(i.TIM_OC3PreloadConfig), (12 bytes).
    Removing stm32f0xx_tim.o(i.TIM_OC4FastConfig), (20 bytes).
    Removing stm32f0xx_tim.o(i.TIM_OC4Init), (100 bytes).
    Removing stm32f0xx_tim.o(i.TIM_OC4PolarityConfig), (20 bytes).
    Removing stm32f0xx_tim.o(i.TIM_OC4PreloadConfig), (20 bytes).
    Removing stm32f0xx_tim.o(i.TIM_OCStructInit), (20 bytes).
    Removing stm32f0xx_tim.o(i.TIM_PWMIConfig), (104 bytes).
    Removing stm32f0xx_tim.o(i.TIM_PrescalerConfig), (6 bytes).
    Removing stm32f0xx_tim.o(i.TIM_RemapConfig), (6 bytes).
    Removing stm32f0xx_tim.o(i.TIM_SelectCCDMA), (18 bytes).
    Removing stm32f0xx_tim.o(i.TIM_SelectCOM), (18 bytes).
    Removing stm32f0xx_tim.o(i.TIM_SelectHallSensor), (18 bytes).
    Removing stm32f0xx_tim.o(i.TIM_SelectOCREFClear), (16 bytes).
    Removing stm32f0xx_tim.o(i.TIM_SelectOCxM), (70 bytes).
    Removing stm32f0xx_tim.o(i.TIM_SelectOnePulseMode), (16 bytes).
    Removing stm32f0xx_tim.o(i.TIM_SetAutoreload), (4 bytes).
    Removing stm32f0xx_tim.o(i.TIM_SetClockDivision), (20 bytes).
    Removing stm32f0xx_tim.o(i.TIM_SetCompare1), (4 bytes).
    Removing stm32f0xx_tim.o(i.TIM_SetCompare2), (4 bytes).
    Removing stm32f0xx_tim.o(i.TIM_SetCompare3), (4 bytes).
    Removing stm32f0xx_tim.o(i.TIM_SetCompare4), (4 bytes).
    Removing stm32f0xx_tim.o(i.TIM_SetCounter), (4 bytes).
    Removing stm32f0xx_tim.o(i.TIM_SetIC1Prescaler), (16 bytes).
    Removing stm32f0xx_tim.o(i.TIM_SetIC2Prescaler), (24 bytes).
    Removing stm32f0xx_tim.o(i.TIM_SetIC3Prescaler), (16 bytes).
    Removing stm32f0xx_tim.o(i.TIM_SetIC4Prescaler), (24 bytes).
    Removing stm32f0xx_tim.o(i.TIM_TIxExternalClockConfig), (48 bytes).
    Removing stm32f0xx_tim.o(i.TIM_UpdateDisableConfig), (18 bytes).
    Removing stm32f0xx_tim.o(i.TIM_UpdateRequestConfig), (18 bytes).
    Removing stm32f0xx_usart.o(.rev16_text), (4 bytes).
    Removing stm32f0xx_usart.o(.revsh_text), (4 bytes).
    Removing stm32f0xx_usart.o(i.USART_AddressDetectionConfig), (16 bytes).
    Removing stm32f0xx_usart.o(i.USART_AutoBaudRateCmd), (20 bytes).
    Removing stm32f0xx_usart.o(i.USART_AutoBaudRateConfig), (18 bytes).
    Removing stm32f0xx_usart.o(i.USART_ClearFlag), (4 bytes).
    Removing stm32f0xx_usart.o(i.USART_ClearITPendingBit), (10 bytes).
    Removing stm32f0xx_usart.o(i.USART_ClockInit), (28 bytes).
    Removing stm32f0xx_usart.o(i.USART_ClockStructInit), (12 bytes).
    Removing stm32f0xx_usart.o(i.USART_Cmd), (20 bytes).
    Removing stm32f0xx_usart.o(i.USART_DECmd), (20 bytes).
    Removing stm32f0xx_usart.o(i.USART_DEPolarityConfig), (18 bytes).
    Removing stm32f0xx_usart.o(i.USART_DMACmd), (16 bytes).
    Removing stm32f0xx_usart.o(i.USART_DMAReceptionErrorConfig), (18 bytes).
    Removing stm32f0xx_usart.o(i.USART_DataInvCmd), (20 bytes).
    Removing stm32f0xx_usart.o(i.USART_DeInit), (184 bytes).
    Removing stm32f0xx_usart.o(i.USART_DirectionModeCmd), (16 bytes).
    Removing stm32f0xx_usart.o(i.USART_GetFlagStatus), (14 bytes).
    Removing stm32f0xx_usart.o(i.USART_GetITStatus), (56 bytes).
    Removing stm32f0xx_usart.o(i.USART_HalfDuplexCmd), (18 bytes).
    Removing stm32f0xx_usart.o(i.USART_ITConfig), (42 bytes).
    Removing stm32f0xx_usart.o(i.USART_Init), (168 bytes).
    Removing stm32f0xx_usart.o(i.USART_InvPinCmd), (16 bytes).
    Removing stm32f0xx_usart.o(i.USART_IrDACmd), (18 bytes).
    Removing stm32f0xx_usart.o(i.USART_IrDAConfig), (16 bytes).
    Removing stm32f0xx_usart.o(i.USART_LINBreakDetectLengthConfig), (16 bytes).
    Removing stm32f0xx_usart.o(i.USART_LINCmd), (20 bytes).
    Removing stm32f0xx_usart.o(i.USART_MSBFirstCmd), (20 bytes).
    Removing stm32f0xx_usart.o(i.USART_MuteModeCmd), (20 bytes).
    Removing stm32f0xx_usart.o(i.USART_MuteModeWakeUpConfig), (18 bytes).
    Removing stm32f0xx_usart.o(i.USART_OneBitMethodCmd), (20 bytes).
    Removing stm32f0xx_usart.o(i.USART_OverSampling8Cmd), (20 bytes).
    Removing stm32f0xx_usart.o(i.USART_OverrunDetectionConfig), (18 bytes).
    Removing stm32f0xx_usart.o(i.USART_ReceiveData), (8 bytes).
    Removing stm32f0xx_usart.o(i.USART_ReceiverTimeOutCmd), (20 bytes).
    Removing stm32f0xx_usart.o(i.USART_RequestCmd), (16 bytes).
    Removing stm32f0xx_usart.o(i.USART_STOPModeCmd), (18 bytes).
    Removing stm32f0xx_usart.o(i.USART_SWAPPinCmd), (20 bytes).
    Removing stm32f0xx_usart.o(i.USART_SendData), (8 bytes).
    Removing stm32f0xx_usart.o(i.USART_SetAddress), (18 bytes).
    Removing stm32f0xx_usart.o(i.USART_SetAutoRetryCount), (20 bytes).
    Removing stm32f0xx_usart.o(i.USART_SetBlockLength), (18 bytes).
    Removing stm32f0xx_usart.o(i.USART_SetDEAssertionTime), (20 bytes).
    Removing stm32f0xx_usart.o(i.USART_SetDEDeassertionTime), (20 bytes).
    Removing stm32f0xx_usart.o(i.USART_SetGuardTime), (16 bytes).
    Removing stm32f0xx_usart.o(i.USART_SetPrescaler), (16 bytes).
    Removing stm32f0xx_usart.o(i.USART_SetReceiverTimeOut), (16 bytes).
    Removing stm32f0xx_usart.o(i.USART_SmartCardCmd), (18 bytes).
    Removing stm32f0xx_usart.o(i.USART_SmartCardNACKCmd), (18 bytes).
    Removing stm32f0xx_usart.o(i.USART_StopModeWakeUpSourceConfig), (18 bytes).
    Removing stm32f0xx_usart.o(i.USART_StructInit), (22 bytes).
    Removing stm32f0xx_wwdg.o(.rev16_text), (4 bytes).
    Removing stm32f0xx_wwdg.o(.revsh_text), (4 bytes).
    Removing stm32f0xx_wwdg.o(i.WWDG_ClearFlag), (12 bytes).
    Removing stm32f0xx_wwdg.o(i.WWDG_DeInit), (22 bytes).
    Removing stm32f0xx_wwdg.o(i.WWDG_Enable), (16 bytes).
    Removing stm32f0xx_wwdg.o(i.WWDG_EnableIT), (16 bytes).
    Removing stm32f0xx_wwdg.o(i.WWDG_GetFlagStatus), (20 bytes).
    Removing stm32f0xx_wwdg.o(i.WWDG_SetCounter), (16 bytes).
    Removing stm32f0xx_wwdg.o(i.WWDG_SetPrescaler), (20 bytes).
    Removing stm32f0xx_wwdg.o(i.WWDG_SetWindowValue), (28 bytes).
    Removing system_stm32f0xx.o(.rev16_text), (4 bytes).
    Removing system_stm32f0xx.o(.revsh_text), (4 bytes).
    Removing system_stm32f0xx.o(i.SystemCoreClockUpdate), (108 bytes).
    Removing system_stm32f0xx.o(.data), (20 bytes).
    Removing startup_stm32f0xx_ld.o(HEAP), (512 bytes).

622 unused section(s) (total 21091 bytes) removed from the image.

==============================================================================

Image Symbol Table

    Local Symbols

    Symbol Name                              Value     Ov Type        Size  Object(Section)

    ../clib/microlib/division.c              0x00000000   Number         0  idiv.o ABSOLUTE
    ../clib/microlib/division.c              0x00000000   Number         0  uidiv.o ABSOLUTE
    ../clib/microlib/init/entry.s            0x00000000   Number         0  entry7b.o ABSOLUTE
    ../clib/microlib/init/entry.s            0x00000000   Number         0  entry2.o ABSOLUTE
    ../clib/microlib/init/entry.s            0x00000000   Number         0  entry11b.o ABSOLUTE
    ../clib/microlib/init/entry.s            0x00000000   Number         0  entry7a.o ABSOLUTE
    ../clib/microlib/init/entry.s            0x00000000   Number         0  entry11a.o ABSOLUTE
    ../clib/microlib/init/entry.s            0x00000000   Number         0  entry9a.o ABSOLUTE
    ../clib/microlib/init/entry.s            0x00000000   Number         0  entry8a.o ABSOLUTE
    ../clib/microlib/init/entry.s            0x00000000   Number         0  entry.o ABSOLUTE
    ../clib/microlib/init/entry.s            0x00000000   Number         0  entry8b.o ABSOLUTE
    ../clib/microlib/init/entry.s            0x00000000   Number         0  entry9b.o ABSOLUTE
    ../clib/microlib/init/entry.s            0x00000000   Number         0  entry10a.o ABSOLUTE
    ../clib/microlib/init/entry.s            0x00000000   Number         0  entry5.o ABSOLUTE
    ../clib/microlib/init/entry.s            0x00000000   Number         0  entry10b.o ABSOLUTE
    ../clib/microlib/string/memset.c         0x00000000   Number         0  memseta.o ABSOLUTE
    ../clib/microlib/unhosted.c              0x00000000   Number         0  uread4.o ABSOLUTE
    ..\I2C_driver.c                          0x00000000   Number         0  i2c_driver.o ABSOLUTE
    ..\LHSP.c                                0x00000000   Number         0  lhsp.o ABSOLUTE
    ..\Libraries\CMSIS\Device\ST\STM32F0xx\Source\Templates\arm\startup_stm32f0xx_ld.s 0x00000000   Number         0  startup_stm32f0xx_ld.o ABSOLUTE
    ..\Libraries\STM32F0xx_StdPeriph_Driver\src\stm32f0xx_adc.c 0x00000000   Number         0  stm32f0xx_adc.o ABSOLUTE
    ..\Libraries\STM32F0xx_StdPeriph_Driver\src\stm32f0xx_can.c 0x00000000   Number         0  stm32f0xx_can.o ABSOLUTE
    ..\Libraries\STM32F0xx_StdPeriph_Driver\src\stm32f0xx_cec.c 0x00000000   Number         0  stm32f0xx_cec.o ABSOLUTE
    ..\Libraries\STM32F0xx_StdPeriph_Driver\src\stm32f0xx_comp.c 0x00000000   Number         0  stm32f0xx_comp.o ABSOLUTE
    ..\Libraries\STM32F0xx_StdPeriph_Driver\src\stm32f0xx_crc.c 0x00000000   Number         0  stm32f0xx_crc.o ABSOLUTE
    ..\Libraries\STM32F0xx_StdPeriph_Driver\src\stm32f0xx_crs.c 0x00000000   Number         0  stm32f0xx_crs.o ABSOLUTE
    ..\Libraries\STM32F0xx_StdPeriph_Driver\src\stm32f0xx_dac.c 0x00000000   Number         0  stm32f0xx_dac.o ABSOLUTE
    ..\Libraries\STM32F0xx_StdPeriph_Driver\src\stm32f0xx_dbgmcu.c 0x00000000   Number         0  stm32f0xx_dbgmcu.o ABSOLUTE
    ..\Libraries\STM32F0xx_StdPeriph_Driver\src\stm32f0xx_dma.c 0x00000000   Number         0  stm32f0xx_dma.o ABSOLUTE
    ..\Libraries\STM32F0xx_StdPeriph_Driver\src\stm32f0xx_exti.c 0x00000000   Number         0  stm32f0xx_exti.o ABSOLUTE
    ..\Libraries\STM32F0xx_StdPeriph_Driver\src\stm32f0xx_flash.c 0x00000000   Number         0  stm32f0xx_flash.o ABSOLUTE
    ..\Libraries\STM32F0xx_StdPeriph_Driver\src\stm32f0xx_gpio.c 0x00000000   Number         0  stm32f0xx_gpio.o ABSOLUTE
    ..\Libraries\STM32F0xx_StdPeriph_Driver\src\stm32f0xx_i2c.c 0x00000000   Number         0  stm32f0xx_i2c.o ABSOLUTE
    ..\Libraries\STM32F0xx_StdPeriph_Driver\src\stm32f0xx_iwdg.c 0x00000000   Number         0  stm32f0xx_iwdg.o ABSOLUTE
    ..\Libraries\STM32F0xx_StdPeriph_Driver\src\stm32f0xx_misc.c 0x00000000   Number         0  stm32f0xx_misc.o ABSOLUTE
    ..\Libraries\STM32F0xx_StdPeriph_Driver\src\stm32f0xx_pwr.c 0x00000000   Number         0  stm32f0xx_pwr.o ABSOLUTE
    ..\Libraries\STM32F0xx_StdPeriph_Driver\src\stm32f0xx_rcc.c 0x00000000   Number         0  stm32f0xx_rcc.o ABSOLUTE
    ..\Libraries\STM32F0xx_StdPeriph_Driver\src\stm32f0xx_rtc.c 0x00000000   Number         0  stm32f0xx_rtc.o ABSOLUTE
    ..\Libraries\STM32F0xx_StdPeriph_Driver\src\stm32f0xx_spi.c 0x00000000   Number         0  stm32f0xx_spi.o ABSOLUTE
    ..\Libraries\STM32F0xx_StdPeriph_Driver\src\stm32f0xx_syscfg.c 0x00000000   Number         0  stm32f0xx_syscfg.o ABSOLUTE
    ..\Libraries\STM32F0xx_StdPeriph_Driver\src\stm32f0xx_tim.c 0x00000000   Number         0  stm32f0xx_tim.o ABSOLUTE
    ..\Libraries\STM32F0xx_StdPeriph_Driver\src\stm32f0xx_usart.c 0x00000000   Number         0  stm32f0xx_usart.o ABSOLUTE
    ..\Libraries\STM32F0xx_StdPeriph_Driver\src\stm32f0xx_wwdg.c 0x00000000   Number         0  stm32f0xx_wwdg.o ABSOLUTE
    ..\SelfStudy.c                           0x00000000   Number         0  selfstudy.o ABSOLUTE
    ..\\I2C_driver.c                         0x00000000   Number         0  i2c_driver.o ABSOLUTE
    ..\\LHSP.c                               0x00000000   Number         0  lhsp.o ABSOLUTE
    ..\\Libraries\\STM32F0xx_StdPeriph_Driver\\src\\stm32f0xx_adc.c 0x00000000   Number         0  stm32f0xx_adc.o ABSOLUTE
    ..\\Libraries\\STM32F0xx_StdPeriph_Driver\\src\\stm32f0xx_can.c 0x00000000   Number         0  stm32f0xx_can.o ABSOLUTE
    ..\\Libraries\\STM32F0xx_StdPeriph_Driver\\src\\stm32f0xx_cec.c 0x00000000   Number         0  stm32f0xx_cec.o ABSOLUTE
    ..\\Libraries\\STM32F0xx_StdPeriph_Driver\\src\\stm32f0xx_comp.c 0x00000000   Number         0  stm32f0xx_comp.o ABSOLUTE
    ..\\Libraries\\STM32F0xx_StdPeriph_Driver\\src\\stm32f0xx_crc.c 0x00000000   Number         0  stm32f0xx_crc.o ABSOLUTE
    ..\\Libraries\\STM32F0xx_StdPeriph_Driver\\src\\stm32f0xx_crs.c 0x00000000   Number         0  stm32f0xx_crs.o ABSOLUTE
    ..\\Libraries\\STM32F0xx_StdPeriph_Driver\\src\\stm32f0xx_dac.c 0x00000000   Number         0  stm32f0xx_dac.o ABSOLUTE
    ..\\Libraries\\STM32F0xx_StdPeriph_Driver\\src\\stm32f0xx_dbgmcu.c 0x00000000   Number         0  stm32f0xx_dbgmcu.o ABSOLUTE
    ..\\Libraries\\STM32F0xx_StdPeriph_Driver\\src\\stm32f0xx_dma.c 0x00000000   Number         0  stm32f0xx_dma.o ABSOLUTE
    ..\\Libraries\\STM32F0xx_StdPeriph_Driver\\src\\stm32f0xx_exti.c 0x00000000   Number         0  stm32f0xx_exti.o ABSOLUTE
    ..\\Libraries\\STM32F0xx_StdPeriph_Driver\\src\\stm32f0xx_flash.c 0x00000000   Number         0  stm32f0xx_flash.o ABSOLUTE
    ..\\Libraries\\STM32F0xx_StdPeriph_Driver\\src\\stm32f0xx_gpio.c 0x00000000   Number         0  stm32f0xx_gpio.o ABSOLUTE
    ..\\Libraries\\STM32F0xx_StdPeriph_Driver\\src\\stm32f0xx_i2c.c 0x00000000   Number         0  stm32f0xx_i2c.o ABSOLUTE
    ..\\Libraries\\STM32F0xx_StdPeriph_Driver\\src\\stm32f0xx_iwdg.c 0x00000000   Number         0  stm32f0xx_iwdg.o ABSOLUTE
    ..\\Libraries\\STM32F0xx_StdPeriph_Driver\\src\\stm32f0xx_misc.c 0x00000000   Number         0  stm32f0xx_misc.o ABSOLUTE
    ..\\Libraries\\STM32F0xx_StdPeriph_Driver\\src\\stm32f0xx_pwr.c 0x00000000   Number         0  stm32f0xx_pwr.o ABSOLUTE
    ..\\Libraries\\STM32F0xx_StdPeriph_Driver\\src\\stm32f0xx_rcc.c 0x00000000   Number         0  stm32f0xx_rcc.o ABSOLUTE
    ..\\Libraries\\STM32F0xx_StdPeriph_Driver\\src\\stm32f0xx_rtc.c 0x00000000   Number         0  stm32f0xx_rtc.o ABSOLUTE
    ..\\Libraries\\STM32F0xx_StdPeriph_Driver\\src\\stm32f0xx_spi.c 0x00000000   Number         0  stm32f0xx_spi.o ABSOLUTE
    ..\\Libraries\\STM32F0xx_StdPeriph_Driver\\src\\stm32f0xx_syscfg.c 0x00000000   Number         0  stm32f0xx_syscfg.o ABSOLUTE
    ..\\Libraries\\STM32F0xx_StdPeriph_Driver\\src\\stm32f0xx_tim.c 0x00000000   Number         0  stm32f0xx_tim.o ABSOLUTE
    ..\\Libraries\\STM32F0xx_StdPeriph_Driver\\src\\stm32f0xx_usart.c 0x00000000   Number         0  stm32f0xx_usart.o ABSOLUTE
    ..\\Libraries\\STM32F0xx_StdPeriph_Driver\\src\\stm32f0xx_wwdg.c 0x00000000   Number         0  stm32f0xx_wwdg.o ABSOLUTE
    ..\\SelfStudy.c                          0x00000000   Number         0  selfstudy.o ABSOLUTE
    ..\\bsp_eeprom_24xx.c                    0x00000000   Number         0  bsp_eeprom_24xx.o ABSOLUTE
    ..\\bsp_i2c_gpio.c                       0x00000000   Number         0  bsp_i2c_gpio.o ABSOLUTE
    ..\\display.c                            0x00000000   Number         0  display.o ABSOLUTE
    ..\\key.c                                0x00000000   Number         0  key.o ABSOLUTE
    ..\\menu.c                               0x00000000   Number         0  menu.o ABSOLUTE
    ..\\stm32f0xx_it.c                       0x00000000   Number         0  stm32f0xx_it.o ABSOLUTE
    ..\\system_stm32f0xx.c                   0x00000000   Number         0  system_stm32f0xx.o ABSOLUTE
    ..\bsp_eeprom_24xx.c                     0x00000000   Number         0  bsp_eeprom_24xx.o ABSOLUTE
    ..\bsp_i2c_gpio.c                        0x00000000   Number         0  bsp_i2c_gpio.o ABSOLUTE
    ..\display.c                             0x00000000   Number         0  display.o ABSOLUTE
    ..\key.c                                 0x00000000   Number         0  key.o ABSOLUTE
    ..\menu.c                                0x00000000   Number         0  menu.o ABSOLUTE
    ..\stm32f0xx_it.c                        0x00000000   Number         0  stm32f0xx_it.o ABSOLUTE
    ..\system_stm32f0xx.c                    0x00000000   Number         0  system_stm32f0xx.o ABSOLUTE
    dc.s                                     0x00000000   Number         0  dc.o ABSOLUTE
    handlers.s                               0x00000000   Number         0  handlers.o ABSOLUTE
    init.s                                   0x00000000   Number         0  init.o ABSOLUTE
    main.c                                   0x00000000   Number         0  main.o ABSOLUTE
    main.c                                   0x00000000   Number         0  main.o ABSOLUTE
    RESET                                    0x08000000   Section      176  startup_stm32f0xx_ld.o(RESET)
    .ARM.Collect$$$$00000000                 0x080000b0   Section        0  entry.o(.ARM.Collect$$$$00000000)
    .ARM.Collect$$$$00000001                 0x080000b0   Section        4  entry2.o(.ARM.Collect$$$$00000001)
    .ARM.Collect$$$$00000004                 0x080000b4   Section        4  entry5.o(.ARM.Collect$$$$00000004)
    .ARM.Collect$$$$00000008                 0x080000b8   Section        0  entry7b.o(.ARM.Collect$$$$00000008)
    .ARM.Collect$$$$0000000A                 0x080000b8   Section        0  entry8b.o(.ARM.Collect$$$$0000000A)
    .ARM.Collect$$$$0000000B                 0x080000b8   Section        8  entry9a.o(.ARM.Collect$$$$0000000B)
    .ARM.Collect$$$$0000000D                 0x080000c0   Section        0  entry10a.o(.ARM.Collect$$$$0000000D)
    .ARM.Collect$$$$0000000F                 0x080000c0   Section        0  entry11a.o(.ARM.Collect$$$$0000000F)
    .ARM.Collect$$$$00002712                 0x080000c0   Section        4  entry2.o(.ARM.Collect$$$$00002712)
    __lit__00000000                          0x080000c0   Data           4  entry2.o(.ARM.Collect$$$$00002712)
    .text                                    0x080000c4   Section       88  startup_stm32f0xx_ld.o(.text)
    .text                                    0x0800011c   Section        0  uidiv.o(.text)
    .text                                    0x08000148   Section        0  idiv.o(.text)
    .text                                    0x08000170   Section        0  memseta.o(.text)
    .text                                    0x08000194   Section       36  init.o(.text)
    i.ADCINcalibration                       0x080001b8   Section        0  selfstudy.o(i.ADCINcalibration)
    i.ADC_ChannelConfig                      0x080001f8   Section        0  stm32f0xx_adc.o(i.ADC_ChannelConfig)
    i.ADC_Cmd                                0x08000202   Section        0  stm32f0xx_adc.o(i.ADC_Cmd)
    i.ADC_DMACmd                             0x08000214   Section        0  stm32f0xx_adc.o(i.ADC_DMACmd)
    i.ADC_DMARequestModeConfig               0x08000228   Section        0  stm32f0xx_adc.o(i.ADC_DMARequestModeConfig)
    i.ADC_DeInit                             0x08000238   Section        0  stm32f0xx_adc.o(i.ADC_DeInit)
    i.ADC_GetCalibrationFactor               0x08000258   Section        0  stm32f0xx_adc.o(i.ADC_GetCalibrationFactor)
    i.ADC_GetFlagStatus                      0x08000286   Section        0  stm32f0xx_adc.o(i.ADC_GetFlagStatus)
    i.ADC_Init                               0x080002a4   Section        0  stm32f0xx_adc.o(i.ADC_Init)
    i.ADC_OverrunModeCmd                     0x080002d0   Section        0  stm32f0xx_adc.o(i.ADC_OverrunModeCmd)
    i.ADC_StartOfConversion                  0x080002e4   Section        0  stm32f0xx_adc.o(i.ADC_StartOfConversion)
    i.ADC_StructInit                         0x080002ee   Section        0  stm32f0xx_adc.o(i.ADC_StructInit)
    i.ButtonMapping                          0x08000300   Section        0  lhsp.o(i.ButtonMapping)
    i.ButtonMappingDisplay                   0x08000474   Section        0  display.o(i.ButtonMappingDisplay)
    i.Button_Init                            0x080004d4   Section        0  key.o(i.Button_Init)
    i.DAC_Cmd                                0x080005a0   Section        0  stm32f0xx_dac.o(i.DAC_Cmd)
    i.DAC_GPIO_Init                          0x080005bc   Section        0  main.o(i.DAC_GPIO_Init)
    i.DAC_Init                               0x080005ec   Section        0  stm32f0xx_dac.o(i.DAC_Init)
    i.DAC_OUT_Init                           0x08000614   Section        0  main.o(i.DAC_OUT_Init)
    i.DAC_SetChannel1Data                    0x0800063c   Section        0  stm32f0xx_dac.o(i.DAC_SetChannel1Data)
    i.DAC_SoftwareTriggerCmd                 0x08000650   Section        0  stm32f0xx_dac.o(i.DAC_SoftwareTriggerCmd)
    i.DMA1_Channel1_IRQHandler               0x0800066c   Section        0  main.o(i.DMA1_Channel1_IRQHandler)
    i.DMA_ClearITPendingBit                  0x080006b8   Section        0  stm32f0xx_dma.o(i.DMA_ClearITPendingBit)
    i.DMA_Cmd                                0x080006d0   Section        0  stm32f0xx_dma.o(i.DMA_Cmd)
    i.DMA_DeInit                             0x080006e8   Section        0  stm32f0xx_dma.o(i.DMA_DeInit)
    i.DMA_GetITStatus                        0x080007a8   Section        0  stm32f0xx_dma.o(i.DMA_GetITStatus)
    i.DMA_ITConfig                           0x080007c8   Section        0  stm32f0xx_dma.o(i.DMA_ITConfig)
    i.DMA_Init                               0x080007d8   Section        0  stm32f0xx_dma.o(i.DMA_Init)
    i.DMA_StructInit                         0x08000814   Section        0  stm32f0xx_dma.o(i.DMA_StructInit)
    i.DisplayMODE                            0x08000830   Section        0  lhsp.o(i.DisplayMODE)
    i.DisplayModeONE                         0x0800093c   Section        0  lhsp.o(i.DisplayModeONE)
    i.DisplayModeTHIRD                       0x08000a74   Section        0  lhsp.o(i.DisplayModeTHIRD)
    i.DisplayModeTWO                         0x08000aec   Section        0  lhsp.o(i.DisplayModeTWO)
    i.FlashCheck                             0x08000b7c   Section        0  main.o(i.FlashCheck)
    i.Formula_100                            0x08000bc0   Section        0  main.o(i.Formula_100)
    i.GPIO_Init                              0x08000c44   Section        0  stm32f0xx_gpio.o(i.GPIO_Init)
    i.GPIO_PinAFConfig                       0x08000cb4   Section        0  stm32f0xx_gpio.o(i.GPIO_PinAFConfig)
    i.GPIO_ReadInputDataBit                  0x08000cd4   Section        0  stm32f0xx_gpio.o(i.GPIO_ReadInputDataBit)
    i.GPIO_ReadOutputDataBit                 0x08000ce2   Section        0  stm32f0xx_gpio.o(i.GPIO_ReadOutputDataBit)
    i.GPIO_StructInit                        0x08000cf0   Section        0  stm32f0xx_gpio.o(i.GPIO_StructInit)
    i.GPIO_WriteBit                          0x08000d08   Section        0  stm32f0xx_gpio.o(i.GPIO_WriteBit)
    i.GetADCValue                            0x08000d14   Section        0  lhsp.o(i.GetADCValue)
    i.GetEEPROM                              0x08000d20   Section        0  lhsp.o(i.GetEEPROM)
    i.GetIntNumber                           0x08000dbc   Section        0  display.o(i.GetIntNumber)
    i.GetMAXADCValue                         0x08000dd4   Section        0  selfstudy.o(i.GetMAXADCValue)
    i.HardFault_Handler                      0x08000e68   Section        0  stm32f0xx_it.o(i.HardFault_Handler)
    i.IO_GPIO_INIT                           0x08000e6c   Section        0  main.o(i.IO_GPIO_INIT)
    i.Key_Scan                               0x08000f18   Section        0  key.o(i.Key_Scan)
    i.NMI_Handler                            0x08001040   Section        0  stm32f0xx_it.o(i.NMI_Handler)
    i.NVIC_Init                              0x08001044   Section        0  stm32f0xx_misc.o(i.NVIC_Init)
    i.PendSV_Handler                         0x08001094   Section        0  stm32f0xx_it.o(i.PendSV_Handler)
    i.PressCallback                          0x08001096   Section        0  key.o(i.PressCallback)
    i.RCC_ADCCLKConfig                       0x080010d8   Section        0  stm32f0xx_rcc.o(i.RCC_ADCCLKConfig)
    i.RCC_AHBPeriphClockCmd                  0x08001104   Section        0  stm32f0xx_rcc.o(i.RCC_AHBPeriphClockCmd)
    i.RCC_APB1PeriphClockCmd                 0x0800111c   Section        0  stm32f0xx_rcc.o(i.RCC_APB1PeriphClockCmd)
    i.RCC_APB1PeriphResetCmd                 0x08001134   Section        0  stm32f0xx_rcc.o(i.RCC_APB1PeriphResetCmd)
    i.RCC_APB2PeriphClockCmd                 0x0800114c   Section        0  stm32f0xx_rcc.o(i.RCC_APB2PeriphClockCmd)
    i.RCC_APB2PeriphResetCmd                 0x08001164   Section        0  stm32f0xx_rcc.o(i.RCC_APB2PeriphResetCmd)
    i.RCC_Configuration                      0x0800117c   Section        0  main.o(i.RCC_Configuration)
    i.RCC_DeInit                             0x080011d4   Section        0  stm32f0xx_rcc.o(i.RCC_DeInit)
    i.RCC_GetClocksFreq                      0x08001230   Section        0  stm32f0xx_rcc.o(i.RCC_GetClocksFreq)
    i.RCC_GetFlagStatus                      0x080013a8   Section        0  stm32f0xx_rcc.o(i.RCC_GetFlagStatus)
    i.RCC_GetSYSCLKSource                    0x080013dc   Section        0  stm32f0xx_rcc.o(i.RCC_GetSYSCLKSource)
    i.RCC_HCLKConfig                         0x080013ec   Section        0  stm32f0xx_rcc.o(i.RCC_HCLKConfig)
    i.RCC_HSICmd                             0x08001400   Section        0  stm32f0xx_rcc.o(i.RCC_HSICmd)
    i.RCC_PCLKConfig                         0x0800141c   Section        0  stm32f0xx_rcc.o(i.RCC_PCLKConfig)
    i.RCC_PLLCmd                             0x08001430   Section        0  stm32f0xx_rcc.o(i.RCC_PLLCmd)
    i.RCC_PLLConfig                          0x0800144c   Section        0  stm32f0xx_rcc.o(i.RCC_PLLConfig)
    i.RCC_SYSCLKConfig                       0x08001468   Section        0  stm32f0xx_rcc.o(i.RCC_SYSCLKConfig)
    i.ReadButtonStatus                       0x0800147c   Section        0  key.o(i.ReadButtonStatus)
    i.SMG_Diplay                             0x08001498   Section        0  display.o(i.SMG_Diplay)
    i.SMG_DisplayModeONE                     0x080014d8   Section        0  display.o(i.SMG_DisplayModeONE)
    i.SMG_DisplayModeTHIRD                   0x080015c0   Section        0  display.o(i.SMG_DisplayModeTHIRD)
    i.SMG_DisplayModeTWO                     0x080015f0   Section        0  display.o(i.SMG_DisplayModeTWO)
    i.SMG_DisplayOUT_STATUS                  0x08001618   Section        0  display.o(i.SMG_DisplayOUT_STATUS)
    i.SMG_DisplaySET_Step_1_Mode             0x08001630   Section        0  display.o(i.SMG_DisplaySET_Step_1_Mode)
    i.SMG_DisplaySET_Step_2_Mode             0x08001700   Section        0  display.o(i.SMG_DisplaySET_Step_2_Mode)
    i.SMG_GPIO_INIT                          0x080017d0   Section        0  main.o(i.SMG_GPIO_INIT)
    i.SVC_Handler                            0x080019c4   Section        0  stm32f0xx_it.o(i.SVC_Handler)
    i.SetOUT2Status                          0x080019c8   Section        0  lhsp.o(i.SetOUT2Status)
    i.SetSysClock                            0x08001a48   Section        0  system_stm32f0xx.o(i.SetSysClock)
    SetSysClock                              0x08001a49   Thumb Code    80  system_stm32f0xx.o(i.SetSysClock)
    i.ShortCircuitProtection                 0x08001aa0   Section        0  lhsp.o(i.ShortCircuitProtection)
    i.SysTick_Handler                        0x08001b10   Section        0  stm32f0xx_it.o(i.SysTick_Handler)
    i.SystemInit                             0x08001b14   Section        0  system_stm32f0xx.o(i.SystemInit)
    i.TIM1_BRK_UP_TRG_COM_IRQHandler         0x08001b74   Section        0  main.o(i.TIM1_BRK_UP_TRG_COM_IRQHandler)
    i.TIM2_IRQHandler                        0x08001b94   Section        0  main.o(i.TIM2_IRQHandler)
    i.TIM3_IRQHandler                        0x08001bb0   Section        0  main.o(i.TIM3_IRQHandler)
    i.TIM_ARRPreloadConfig                   0x08001c4c   Section        0  stm32f0xx_tim.o(i.TIM_ARRPreloadConfig)
    i.TIM_ClearITPendingBit                  0x08001c5e   Section        0  stm32f0xx_tim.o(i.TIM_ClearITPendingBit)
    i.TIM_Cmd                                0x08001c64   Section        0  stm32f0xx_tim.o(i.TIM_Cmd)
    i.TIM_CtrlPWMOutputs                     0x08001c78   Section        0  stm32f0xx_tim.o(i.TIM_CtrlPWMOutputs)
    i.TIM_DeInit                             0x08001c90   Section        0  stm32f0xx_tim.o(i.TIM_DeInit)
    i.TIM_GetITStatus                        0x08001d5c   Section        0  stm32f0xx_tim.o(i.TIM_GetITStatus)
    i.TIM_ITConfig                           0x08001d74   Section        0  stm32f0xx_tim.o(i.TIM_ITConfig)
    i.TIM_OC1Init                            0x08001d84   Section        0  stm32f0xx_tim.o(i.TIM_OC1Init)
    i.TIM_OC1PreloadConfig                   0x08001e00   Section        0  stm32f0xx_tim.o(i.TIM_OC1PreloadConfig)
    i.TIM_OC2Init                            0x08001e0c   Section        0  stm32f0xx_tim.o(i.TIM_OC2Init)
    i.TIM_OC2PreloadConfig                   0x08001e9c   Section        0  stm32f0xx_tim.o(i.TIM_OC2PreloadConfig)
    i.TIM_SelectInputTrigger                 0x08001eb0   Section        0  stm32f0xx_tim.o(i.TIM_SelectInputTrigger)
    i.TIM_SelectMasterSlaveMode              0x08001ebc   Section        0  stm32f0xx_tim.o(i.TIM_SelectMasterSlaveMode)
    i.TIM_SelectOutputTrigger                0x08001ecc   Section        0  stm32f0xx_tim.o(i.TIM_SelectOutputTrigger)
    i.TIM_SelectSlaveMode                    0x08001edc   Section        0  stm32f0xx_tim.o(i.TIM_SelectSlaveMode)
    i.TIM_TimeBaseInit                       0x08001eec   Section        0  stm32f0xx_tim.o(i.TIM_TimeBaseInit)
    i.TIM_TimeBaseStructInit                 0x08001f60   Section        0  stm32f0xx_tim.o(i.TIM_TimeBaseStructInit)
    i.Test_Delay                             0x08001f72   Section        0  lhsp.o(i.Test_Delay)
    i.__scatterload_copy                     0x08001f82   Section       14  handlers.o(i.__scatterload_copy)
    i.__scatterload_null                     0x08001f90   Section        2  handlers.o(i.__scatterload_null)
    i.__scatterload_zeroinit                 0x08001f92   Section       14  handlers.o(i.__scatterload_zeroinit)
    i.adc_config                             0x08001fa0   Section        0  main.o(i.adc_config)
    i.adc_dma_init                           0x08002028   Section        0  main.o(i.adc_dma_init)
    i.adc_gpio_init                          0x080020a8   Section        0  main.o(i.adc_gpio_init)
    i.adc_timer_init                         0x080020d8   Section        0  main.o(i.adc_timer_init)
    i.bsp_InitI2C                            0x080022c4   Section        0  bsp_i2c_gpio.o(i.bsp_InitI2C)
    i.differenttialDC                        0x08002308   Section        0  lhsp.o(i.differenttialDC)
    i.ee_CheckOk                             0x080023a8   Section        0  bsp_eeprom_24xx.o(i.ee_CheckOk)
    i.ee_ReadBytes                           0x080023c0   Section        0  bsp_eeprom_24xx.o(i.ee_ReadBytes)
    i.ee_WriteBytes                          0x0800242c   Section        0  bsp_eeprom_24xx.o(i.ee_WriteBytes)
    i.i2c_Ack                                0x080024a4   Section        0  bsp_i2c_gpio.o(i.i2c_Ack)
    i.i2c_CheckDevice                        0x080024cc   Section        0  bsp_i2c_gpio.o(i.i2c_CheckDevice)
    i.i2c_Delay                              0x080024fc   Section        0  bsp_i2c_gpio.o(i.i2c_Delay)
    i2c_Delay                                0x080024fd   Thumb Code    12  bsp_i2c_gpio.o(i.i2c_Delay)
    i.i2c_NAck                               0x08002508   Section        0  bsp_i2c_gpio.o(i.i2c_NAck)
    i.i2c_ReadByte                           0x0800252c   Section        0  bsp_i2c_gpio.o(i.i2c_ReadByte)
    i.i2c_SendByte                           0x08002564   Section        0  bsp_i2c_gpio.o(i.i2c_SendByte)
    i.i2c_Start                              0x080025ac   Section        0  bsp_i2c_gpio.o(i.i2c_Start)
    i.i2c_Stop                               0x080025d4   Section        0  bsp_i2c_gpio.o(i.i2c_Stop)
    i.i2c_WaitAck                            0x080025f0   Section        0  bsp_i2c_gpio.o(i.i2c_WaitAck)
    i.main                                   0x08002624   Section        0  main.o(i.main)
    i.selfstudy                              0x08002670   Section        0  selfstudy.o(i.selfstudy)
    i.send_bit_RP1                           0x080026f0   Section        0  display.o(i.send_bit_RP1)
    i.send_seg_RP0                           0x08002798   Section        0  display.o(i.send_seg_RP0)
    i.user_adc_init                          0x0800282c   Section        0  main.o(i.user_adc_init)
    .constdata                               0x08002840   Section       98  display.o(.constdata)
    .data                                    0x20000000   Section       36  main.o(.data)
    DMA_GetADC_Counter                       0x20000001   Data           1  main.o(.data)
    .data                                    0x20000024   Section        4  main.o(.data)
    .data                                    0x20000028   Section       20  display.o(.data)
    Blinkflag                                0x20000029   Data           1  display.o(.data)
    Blinkflag                                0x2000002a   Data           1  display.o(.data)
    Blinkflag                                0x2000002b   Data           1  display.o(.data)
    Blinkflag                                0x2000002c   Data           1  display.o(.data)
    Blinkflag                                0x2000002d   Data           1  display.o(.data)
    Blinkflag                                0x2000002e   Data           1  display.o(.data)
    Blinkflag                                0x2000002f   Data           1  display.o(.data)
    bilinkflag                               0x20000030   Data           1  display.o(.data)
    bilinkflag                               0x20000031   Data           1  display.o(.data)
    .data                                    0x2000003c   Section       20  menu.o(.data)
    lastCounter                              0x2000003d   Data           1  menu.o(.data)
    lastCounter                              0x2000003e   Data           1  menu.o(.data)
    lastCounter                              0x2000003f   Data           1  menu.o(.data)
    lastCounter                              0x20000040   Data           1  menu.o(.data)
    lastCounter                              0x20000041   Data           1  menu.o(.data)
    lastCounter                              0x20000042   Data           1  menu.o(.data)
    .data                                    0x20000050   Section       20  selfstudy.o(.data)
    .data                                    0x20000064   Section       48  lhsp.o(.data)
    lastCounter                              0x2000006f   Data           1  lhsp.o(.data)
    LastThreshold                            0x20000078   Data           2  lhsp.o(.data)
    .data                                    0x20000094   Section        1  lhsp.o(.data)
    .data                                    0x20000095   Section        1  lhsp.o(.data)
    .data                                    0x20000096   Section       16  stm32f0xx_rcc.o(.data)
    APBAHBPrescTable                         0x20000096   Data          16  stm32f0xx_rcc.o(.data)
    .bss                                     0x200000a8   Section       64  main.o(.bss)
    .bss                                     0x200000e8   Section        9  display.o(.bss)
    .bss                                     0x200000f4   Section      128  key.o(.bss)
    .bss                                     0x20000174   Section     1032  lhsp.o(.bss)
    STACK                                    0x20000580   Section     1024  startup_stm32f0xx_ld.o(STACK)

    Global Symbols

    Symbol Name                              Value     Ov Type        Size  Object(Section)

    BuildAttributes$$THM_ISAv3M$S$PE$A:L22$X:L11$S22$IEEE1$IW$USESV6$~STKCKD$USESV7$~SHL$OSPACE$EBA8$MICROLIB$REQ8$PRES8$EABIv2 0x00000000   Number         0  anon$$obj.o ABSOLUTE
    __ARM_use_no_argv                        0x00000000   Number         0  main.o ABSOLUTE
    __cpp_initialize__aeabi_                  - Undefined Weak Reference
    __cxa_finalize                            - Undefined Weak Reference
    __decompress                              - Undefined Weak Reference
    _clock_init                               - Undefined Weak Reference
    _microlib_exit                            - Undefined Weak Reference
    __Vectors_Size                           0x000000b0   Number         0  startup_stm32f0xx_ld.o ABSOLUTE
    __Vectors                                0x08000000   Data           4  startup_stm32f0xx_ld.o(RESET)
    __Vectors_End                            0x080000b0   Data           0  startup_stm32f0xx_ld.o(RESET)
    __main                                   0x080000b1   Thumb Code     0  entry.o(.ARM.Collect$$$$00000000)
    _main_stk                                0x080000b1   Thumb Code     0  entry2.o(.ARM.Collect$$$$00000001)
    _main_scatterload                        0x080000b5   Thumb Code     0  entry5.o(.ARM.Collect$$$$00000004)
    __main_after_scatterload                 0x080000b9   Thumb Code     0  entry5.o(.ARM.Collect$$$$00000004)
    _main_clock                              0x080000b9   Thumb Code     0  entry7b.o(.ARM.Collect$$$$00000008)
    _main_cpp_init                           0x080000b9   Thumb Code     0  entry8b.o(.ARM.Collect$$$$0000000A)
    _main_init                               0x080000b9   Thumb Code     0  entry9a.o(.ARM.Collect$$$$0000000B)
    __rt_final_cpp                           0x080000c1   Thumb Code     0  entry10a.o(.ARM.Collect$$$$0000000D)
    __rt_final_exit                          0x080000c1   Thumb Code     0  entry11a.o(.ARM.Collect$$$$0000000F)
    Reset_Handler                            0x080000c5   Thumb Code    38  startup_stm32f0xx_ld.o(.text)
    ADC1_IRQHandler                          0x080000f5   Thumb Code     0  startup_stm32f0xx_ld.o(.text)
    DMA1_Channel2_3_IRQHandler               0x080000f5   Thumb Code     0  startup_stm32f0xx_ld.o(.text)
    DMA1_Channel4_5_IRQHandler               0x080000f5   Thumb Code     0  startup_stm32f0xx_ld.o(.text)
    EXTI0_1_IRQHandler                       0x080000f5   Thumb Code     0  startup_stm32f0xx_ld.o(.text)
    EXTI2_3_IRQHandler                       0x080000f5   Thumb Code     0  startup_stm32f0xx_ld.o(.text)
    EXTI4_15_IRQHandler                      0x080000f5   Thumb Code     0  startup_stm32f0xx_ld.o(.text)
    FLASH_IRQHandler                         0x080000f5   Thumb Code     0  startup_stm32f0xx_ld.o(.text)
    I2C1_IRQHandler                          0x080000f5   Thumb Code     0  startup_stm32f0xx_ld.o(.text)
    PVD_IRQHandler                           0x080000f5   Thumb Code     0  startup_stm32f0xx_ld.o(.text)
    RCC_IRQHandler                           0x080000f5   Thumb Code     0  startup_stm32f0xx_ld.o(.text)
    RTC_IRQHandler                           0x080000f5   Thumb Code     0  startup_stm32f0xx_ld.o(.text)
    SPI1_IRQHandler                          0x080000f5   Thumb Code     0  startup_stm32f0xx_ld.o(.text)
    TIM14_IRQHandler                         0x080000f5   Thumb Code     0  startup_stm32f0xx_ld.o(.text)
    TIM16_IRQHandler                         0x080000f5   Thumb Code     0  startup_stm32f0xx_ld.o(.text)
    TIM17_IRQHandler                         0x080000f5   Thumb Code     0  startup_stm32f0xx_ld.o(.text)
    TIM1_CC_IRQHandler                       0x080000f5   Thumb Code     0  startup_stm32f0xx_ld.o(.text)
    USART1_IRQHandler                        0x080000f5   Thumb Code     0  startup_stm32f0xx_ld.o(.text)
    WWDG_IRQHandler                          0x080000f5   Thumb Code     0  startup_stm32f0xx_ld.o(.text)
    __aeabi_uidiv                            0x0800011d   Thumb Code     0  uidiv.o(.text)
    __aeabi_uidivmod                         0x0800011d   Thumb Code    44  uidiv.o(.text)
    __aeabi_idiv                             0x08000149   Thumb Code     0  idiv.o(.text)
    __aeabi_idivmod                          0x08000149   Thumb Code    40  idiv.o(.text)
    __aeabi_memset                           0x08000171   Thumb Code    14  memseta.o(.text)
    __aeabi_memset4                          0x08000171   Thumb Code     0  memseta.o(.text)
    __aeabi_memset8                          0x08000171   Thumb Code     0  memseta.o(.text)
    __aeabi_memclr                           0x0800017f   Thumb Code     4  memseta.o(.text)
    __aeabi_memclr4                          0x0800017f   Thumb Code     0  memseta.o(.text)
    __aeabi_memclr8                          0x0800017f   Thumb Code     0  memseta.o(.text)
    _memset$wrapper                          0x08000183   Thumb Code    18  memseta.o(.text)
    __scatterload                            0x08000195   Thumb Code    28  init.o(.text)
    __scatterload_rt2                        0x08000195   Thumb Code     0  init.o(.text)
    ADCINcalibration                         0x080001b9   Thumb Code    60  selfstudy.o(i.ADCINcalibration)
    ADC_ChannelConfig                        0x080001f9   Thumb Code    10  stm32f0xx_adc.o(i.ADC_ChannelConfig)
    ADC_Cmd                                  0x08000203   Thumb Code    18  stm32f0xx_adc.o(i.ADC_Cmd)
    ADC_DMACmd                               0x08000215   Thumb Code    20  stm32f0xx_adc.o(i.ADC_DMACmd)
    ADC_DMARequestModeConfig                 0x08000229   Thumb Code    16  stm32f0xx_adc.o(i.ADC_DMARequestModeConfig)
    ADC_DeInit                               0x08000239   Thumb Code    28  stm32f0xx_adc.o(i.ADC_DeInit)
    ADC_GetCalibrationFactor                 0x08000259   Thumb Code    46  stm32f0xx_adc.o(i.ADC_GetCalibrationFactor)
    ADC_GetFlagStatus                        0x08000287   Thumb Code    28  stm32f0xx_adc.o(i.ADC_GetFlagStatus)
    ADC_Init                                 0x080002a5   Thumb Code    38  stm32f0xx_adc.o(i.ADC_Init)
    ADC_OverrunModeCmd                       0x080002d1   Thumb Code    20  stm32f0xx_adc.o(i.ADC_OverrunModeCmd)
    ADC_StartOfConversion                    0x080002e5   Thumb Code    10  stm32f0xx_adc.o(i.ADC_StartOfConversion)
    ADC_StructInit                           0x080002ef   Thumb Code    16  stm32f0xx_adc.o(i.ADC_StructInit)
    ButtonMapping                            0x08000301   Thumb Code   342  lhsp.o(i.ButtonMapping)
    ButtonMappingDisplay                     0x08000475   Thumb Code    86  display.o(i.ButtonMappingDisplay)
    Button_Init                              0x080004d5   Thumb Code   188  key.o(i.Button_Init)
    DAC_Cmd                                  0x080005a1   Thumb Code    22  stm32f0xx_dac.o(i.DAC_Cmd)
    DAC_GPIO_Init                            0x080005bd   Thumb Code    46  main.o(i.DAC_GPIO_Init)
    DAC_Init                                 0x080005ed   Thumb Code    32  stm32f0xx_dac.o(i.DAC_Init)
    DAC_OUT_Init                             0x08000615   Thumb Code    40  main.o(i.DAC_OUT_Init)
    DAC_SetChannel1Data                      0x0800063d   Thumb Code    14  stm32f0xx_dac.o(i.DAC_SetChannel1Data)
    DAC_SoftwareTriggerCmd                   0x08000651   Thumb Code    24  stm32f0xx_dac.o(i.DAC_SoftwareTriggerCmd)
    DMA1_Channel1_IRQHandler                 0x0800066d   Thumb Code    58  main.o(i.DMA1_Channel1_IRQHandler)
    DMA_ClearITPendingBit                    0x080006b9   Thumb Code    14  stm32f0xx_dma.o(i.DMA_ClearITPendingBit)
    DMA_Cmd                                  0x080006d1   Thumb Code    20  stm32f0xx_dma.o(i.DMA_Cmd)
    DMA_DeInit                               0x080006e9   Thumb Code   178  stm32f0xx_dma.o(i.DMA_DeInit)
    DMA_GetITStatus                          0x080007a9   Thumb Code    24  stm32f0xx_dma.o(i.DMA_GetITStatus)
    DMA_ITConfig                             0x080007c9   Thumb Code    16  stm32f0xx_dma.o(i.DMA_ITConfig)
    DMA_Init                                 0x080007d9   Thumb Code    56  stm32f0xx_dma.o(i.DMA_Init)
    DMA_StructInit                           0x08000815   Thumb Code    26  stm32f0xx_dma.o(i.DMA_StructInit)
    DisplayMODE                              0x08000831   Thumb Code   246  lhsp.o(i.DisplayMODE)
    DisplayModeONE                           0x0800093d   Thumb Code   284  lhsp.o(i.DisplayModeONE)
    DisplayModeTHIRD                         0x08000a75   Thumb Code   106  lhsp.o(i.DisplayModeTHIRD)
    DisplayModeTWO                           0x08000aed   Thumb Code   130  lhsp.o(i.DisplayModeTWO)
    FlashCheck                               0x08000b7d   Thumb Code    56  main.o(i.FlashCheck)
    Formula_100                              0x08000bc1   Thumb Code   126  main.o(i.Formula_100)
    GPIO_Init                                0x08000c45   Thumb Code   112  stm32f0xx_gpio.o(i.GPIO_Init)
    GPIO_PinAFConfig                         0x08000cb5   Thumb Code    32  stm32f0xx_gpio.o(i.GPIO_PinAFConfig)
    GPIO_ReadInputDataBit                    0x08000cd5   Thumb Code    14  stm32f0xx_gpio.o(i.GPIO_ReadInputDataBit)
    GPIO_ReadOutputDataBit                   0x08000ce3   Thumb Code    14  stm32f0xx_gpio.o(i.GPIO_ReadOutputDataBit)
    GPIO_StructInit                          0x08000cf1   Thumb Code    18  stm32f0xx_gpio.o(i.GPIO_StructInit)
    GPIO_WriteBit                            0x08000d09   Thumb Code    12  stm32f0xx_gpio.o(i.GPIO_WriteBit)
    GetADCValue                              0x08000d15   Thumb Code     8  lhsp.o(i.GetADCValue)
    GetEEPROM                                0x08000d21   Thumb Code   144  lhsp.o(i.GetEEPROM)
    GetIntNumber                             0x08000dbd   Thumb Code    24  display.o(i.GetIntNumber)
    GetMAXADCValue                           0x08000dd5   Thumb Code   128  selfstudy.o(i.GetMAXADCValue)
    HardFault_Handler                        0x08000e69   Thumb Code     2  stm32f0xx_it.o(i.HardFault_Handler)
    IO_GPIO_INIT                             0x08000e6d   Thumb Code   168  main.o(i.IO_GPIO_INIT)
    Key_Scan                                 0x08000f19   Thumb Code   290  key.o(i.Key_Scan)
    NMI_Handler                              0x08001041   Thumb Code     2  stm32f0xx_it.o(i.NMI_Handler)
    NVIC_Init                                0x08001045   Thumb Code    70  stm32f0xx_misc.o(i.NVIC_Init)
    PendSV_Handler                           0x08001095   Thumb Code     2  stm32f0xx_it.o(i.PendSV_Handler)
    PressCallback                            0x08001097   Thumb Code    64  key.o(i.PressCallback)
    RCC_ADCCLKConfig                         0x080010d9   Thumb Code    38  stm32f0xx_rcc.o(i.RCC_ADCCLKConfig)
    RCC_AHBPeriphClockCmd                    0x08001105   Thumb Code    18  stm32f0xx_rcc.o(i.RCC_AHBPeriphClockCmd)
    RCC_APB1PeriphClockCmd                   0x0800111d   Thumb Code    18  stm32f0xx_rcc.o(i.RCC_APB1PeriphClockCmd)
    RCC_APB1PeriphResetCmd                   0x08001135   Thumb Code    18  stm32f0xx_rcc.o(i.RCC_APB1PeriphResetCmd)
    RCC_APB2PeriphClockCmd                   0x0800114d   Thumb Code    18  stm32f0xx_rcc.o(i.RCC_APB2PeriphClockCmd)
    RCC_APB2PeriphResetCmd                   0x08001165   Thumb Code    18  stm32f0xx_rcc.o(i.RCC_APB2PeriphResetCmd)
    RCC_Configuration                        0x0800117d   Thumb Code    82  main.o(i.RCC_Configuration)
    RCC_DeInit                               0x080011d5   Thumb Code    76  stm32f0xx_rcc.o(i.RCC_DeInit)
    RCC_GetClocksFreq                        0x08001231   Thumb Code   346  stm32f0xx_rcc.o(i.RCC_GetClocksFreq)
    RCC_GetFlagStatus                        0x080013a9   Thumb Code    48  stm32f0xx_rcc.o(i.RCC_GetFlagStatus)
    RCC_GetSYSCLKSource                      0x080013dd   Thumb Code    10  stm32f0xx_rcc.o(i.RCC_GetSYSCLKSource)
    RCC_HCLKConfig                           0x080013ed   Thumb Code    14  stm32f0xx_rcc.o(i.RCC_HCLKConfig)
    RCC_HSICmd                               0x08001401   Thumb Code    22  stm32f0xx_rcc.o(i.RCC_HSICmd)
    RCC_PCLKConfig                           0x0800141d   Thumb Code    16  stm32f0xx_rcc.o(i.RCC_PCLKConfig)
    RCC_PLLCmd                               0x08001431   Thumb Code    22  stm32f0xx_rcc.o(i.RCC_PLLCmd)
    RCC_PLLConfig                            0x0800144d   Thumb Code    24  stm32f0xx_rcc.o(i.RCC_PLLConfig)
    RCC_SYSCLKConfig                         0x08001469   Thumb Code    14  stm32f0xx_rcc.o(i.RCC_SYSCLKConfig)
    ReadButtonStatus                         0x0800147d   Thumb Code    26  key.o(i.ReadButtonStatus)
    SMG_Diplay                               0x08001499   Thumb Code    50  display.o(i.SMG_Diplay)
    SMG_DisplayModeONE                       0x080014d9   Thumb Code   224  display.o(i.SMG_DisplayModeONE)
    SMG_DisplayModeTHIRD                     0x080015c1   Thumb Code    44  display.o(i.SMG_DisplayModeTHIRD)
    SMG_DisplayModeTWO                       0x080015f1   Thumb Code    36  display.o(i.SMG_DisplayModeTWO)
    SMG_DisplayOUT_STATUS                    0x08001619   Thumb Code    18  display.o(i.SMG_DisplayOUT_STATUS)
    SMG_DisplaySET_Step_1_Mode               0x08001631   Thumb Code   196  display.o(i.SMG_DisplaySET_Step_1_Mode)
    SMG_DisplaySET_Step_2_Mode               0x08001701   Thumb Code   194  display.o(i.SMG_DisplaySET_Step_2_Mode)
    SMG_GPIO_INIT                            0x080017d1   Thumb Code   486  main.o(i.SMG_GPIO_INIT)
    SVC_Handler                              0x080019c5   Thumb Code     2  stm32f0xx_it.o(i.SVC_Handler)
    SetOUT2Status                            0x080019c9   Thumb Code   118  lhsp.o(i.SetOUT2Status)
    ShortCircuitProtection                   0x08001aa1   Thumb Code   102  lhsp.o(i.ShortCircuitProtection)
    SysTick_Handler                          0x08001b11   Thumb Code     2  stm32f0xx_it.o(i.SysTick_Handler)
    SystemInit                               0x08001b15   Thumb Code    84  system_stm32f0xx.o(i.SystemInit)
    TIM1_BRK_UP_TRG_COM_IRQHandler           0x08001b75   Thumb Code    26  main.o(i.TIM1_BRK_UP_TRG_COM_IRQHandler)
    TIM2_IRQHandler                          0x08001b95   Thumb Code    26  main.o(i.TIM2_IRQHandler)
    TIM3_IRQHandler                          0x08001bb1   Thumb Code   120  main.o(i.TIM3_IRQHandler)
    TIM_ARRPreloadConfig                     0x08001c4d   Thumb Code    18  stm32f0xx_tim.o(i.TIM_ARRPreloadConfig)
    TIM_ClearITPendingBit                    0x08001c5f   Thumb Code     6  stm32f0xx_tim.o(i.TIM_ClearITPendingBit)
    TIM_Cmd                                  0x08001c65   Thumb Code    20  stm32f0xx_tim.o(i.TIM_Cmd)
    TIM_CtrlPWMOutputs                       0x08001c79   Thumb Code    24  stm32f0xx_tim.o(i.TIM_CtrlPWMOutputs)
    TIM_DeInit                               0x08001c91   Thumb Code   172  stm32f0xx_tim.o(i.TIM_DeInit)
    TIM_GetITStatus                          0x08001d5d   Thumb Code    24  stm32f0xx_tim.o(i.TIM_GetITStatus)
    TIM_ITConfig                             0x08001d75   Thumb Code    16  stm32f0xx_tim.o(i.TIM_ITConfig)
    TIM_OC1Init                              0x08001d85   Thumb Code   104  stm32f0xx_tim.o(i.TIM_OC1Init)
    TIM_OC1PreloadConfig                     0x08001e01   Thumb Code    12  stm32f0xx_tim.o(i.TIM_OC1PreloadConfig)
    TIM_OC2Init                              0x08001e0d   Thumb Code   124  stm32f0xx_tim.o(i.TIM_OC2Init)
    TIM_OC2PreloadConfig                     0x08001e9d   Thumb Code    14  stm32f0xx_tim.o(i.TIM_OC2PreloadConfig)
    TIM_SelectInputTrigger                   0x08001eb1   Thumb Code    12  stm32f0xx_tim.o(i.TIM_SelectInputTrigger)
    TIM_SelectMasterSlaveMode                0x08001ebd   Thumb Code    16  stm32f0xx_tim.o(i.TIM_SelectMasterSlaveMode)
    TIM_SelectOutputTrigger                  0x08001ecd   Thumb Code    16  stm32f0xx_tim.o(i.TIM_SelectOutputTrigger)
    TIM_SelectSlaveMode                      0x08001edd   Thumb Code    16  stm32f0xx_tim.o(i.TIM_SelectSlaveMode)
    TIM_TimeBaseInit                         0x08001eed   Thumb Code    88  stm32f0xx_tim.o(i.TIM_TimeBaseInit)
    TIM_TimeBaseStructInit                   0x08001f61   Thumb Code    18  stm32f0xx_tim.o(i.TIM_TimeBaseStructInit)
    Test_Delay                               0x08001f73   Thumb Code    16  lhsp.o(i.Test_Delay)
    __scatterload_copy                       0x08001f83   Thumb Code    14  handlers.o(i.__scatterload_copy)
    __scatterload_null                       0x08001f91   Thumb Code     2  handlers.o(i.__scatterload_null)
    __scatterload_zeroinit                   0x08001f93   Thumb Code    14  handlers.o(i.__scatterload_zeroinit)
    adc_config                               0x08001fa1   Thumb Code   126  main.o(i.adc_config)
    adc_dma_init                             0x08002029   Thumb Code   116  main.o(i.adc_dma_init)
    adc_gpio_init                            0x080020a9   Thumb Code    46  main.o(i.adc_gpio_init)
    adc_timer_init                           0x080020d9   Thumb Code   478  main.o(i.adc_timer_init)
    bsp_InitI2C                              0x080022c5   Thumb Code    68  bsp_i2c_gpio.o(i.bsp_InitI2C)
    differenttialDC                          0x08002309   Thumb Code   140  lhsp.o(i.differenttialDC)
    ee_CheckOk                               0x080023a9   Thumb Code    24  bsp_eeprom_24xx.o(i.ee_CheckOk)
    ee_ReadBytes                             0x080023c1   Thumb Code   108  bsp_eeprom_24xx.o(i.ee_ReadBytes)
    ee_WriteBytes                            0x0800242d   Thumb Code   120  bsp_eeprom_24xx.o(i.ee_WriteBytes)
    i2c_Ack                                  0x080024a5   Thumb Code    34  bsp_i2c_gpio.o(i.i2c_Ack)
    i2c_CheckDevice                          0x080024cd   Thumb Code    48  bsp_i2c_gpio.o(i.i2c_CheckDevice)
    i2c_NAck                                 0x08002509   Thumb Code    32  bsp_i2c_gpio.o(i.i2c_NAck)
    i2c_ReadByte                             0x0800252d   Thumb Code    52  bsp_i2c_gpio.o(i.i2c_ReadByte)
    i2c_SendByte                             0x08002565   Thumb Code    68  bsp_i2c_gpio.o(i.i2c_SendByte)
    i2c_Start                                0x080025ad   Thumb Code    34  bsp_i2c_gpio.o(i.i2c_Start)
    i2c_Stop                                 0x080025d5   Thumb Code    24  bsp_i2c_gpio.o(i.i2c_Stop)
    i2c_WaitAck                              0x080025f1   Thumb Code    46  bsp_i2c_gpio.o(i.i2c_WaitAck)
    main                                     0x08002625   Thumb Code    68  main.o(i.main)
    selfstudy                                0x08002671   Thumb Code   106  selfstudy.o(i.selfstudy)
    send_bit_RP1                             0x080026f1   Thumb Code   132  display.o(i.send_bit_RP1)
    send_seg_RP0                             0x08002799   Thumb Code   134  display.o(i.send_seg_RP0)
    user_adc_init                            0x0800282d   Thumb Code    20  main.o(i.user_adc_init)
    data_SMG_bit_table                       0x08002840   Data          18  display.o(.constdata)
    data_SMG_seg_table                       0x08002852   Data          80  display.o(.constdata)
    Region$$Table$$Base                      0x080028a4   Number         0  anon$$obj.o(Region$$Table)
    Region$$Table$$Limit                     0x080028c4   Number         0  anon$$obj.o(Region$$Table)
    sample_finish                            0x20000000   Data           1  main.o(.data)
    CheckFLag                                0x20000002   Data           1  main.o(.data)
    Fml_CRC16                                0x20000004   Data           2  main.o(.data)
    OUTADCValue                              0x20000008   Data           4  main.o(.data)
    UID                                      0x2000000c   Data           4  main.o(.data)
    C                                        0x20000010   Data           4  main.o(.data)
    timenum                                  0x20000014   Data           4  main.o(.data)
    FormulaResult                            0x20000018   Data           4  main.o(.data)
    FormulaCheck                             0x2000001c   Data           4  main.o(.data)
    UIDFlashResult                           0x20000020   Data           4  main.o(.data)
    Fml_Constant                             0x20000024   Data           4  main.o(.data)
    SMG_BIT                                  0x20000028   Data           1  display.o(.data)
    SMG_Data                                 0x20000034   Data           8  display.o(.data)
    DispalyNo                                0x2000003c   Data           1  menu.o(.data)
    CSV                                      0x20000044   Data           4  menu.o(.data)
    OUT1_Mode                                0x20000048   Data           8  menu.o(.data)
    selfDisplayEndFlay                       0x20000050   Data           1  selfstudy.o(.data)
    CalibrateADCValue                        0x20000054   Data           4  selfstudy.o(.data)
    ADCMAX                                   0x20000058   Data           4  selfstudy.o(.data)
    NewThreshold                             0x2000005c   Data           4  selfstudy.o(.data)
    TempMaxADCValue                          0x20000060   Data           4  selfstudy.o(.data)
    OUT2                                     0x20000064   Data           1  lhsp.o(.data)
    ADCValueFlag                             0x20000065   Data           1  lhsp.o(.data)
    KEY                                      0x20000066   Data           1  lhsp.o(.data)
    ConfirmShortCircuit                      0x20000067   Data           1  lhsp.o(.data)
    KeyMappingFlag                           0x20000068   Data           1  lhsp.o(.data)
    ShortCircuit                             0x20000069   Data           1  lhsp.o(.data)
    DisplayModeNo                            0x2000006a   Data           1  lhsp.o(.data)
    ATT_MODE                                 0x2000006b   Data           1  lhsp.o(.data)
    ATTUpAndDownCounter                      0x2000006c   Data           1  lhsp.o(.data)
    TOFF_MODE                                0x2000006d   Data           1  lhsp.o(.data)
    TOFFUpAndDownCounter                     0x2000006e   Data           1  lhsp.o(.data)
    COMPOUT_STATUS                           0x20000070   Data           1  lhsp.o(.data)
    LAST_COMPOUT_STATUS                      0x20000071   Data           1  lhsp.o(.data)
    Threshold                                0x20000072   Data           2  lhsp.o(.data)
    OUT2_TimerCounter                        0x20000074   Data           2  lhsp.o(.data)
    ADC_Display_Index                        0x20000076   Data           2  lhsp.o(.data)
    ADC_Display                              0x2000007c   Data           4  lhsp.o(.data)
    DACOUT                                   0x20000080   Data           4  lhsp.o(.data)
    CPV                                      0x20000084   Data           4  lhsp.o(.data)
    ShortCircuitCounter                      0x20000088   Data           4  lhsp.o(.data)
    ShortCircuitLastTime                     0x2000008c   Data           4  lhsp.o(.data)
    ShortCircuitTimer                        0x20000090   Data           4  lhsp.o(.data)
    OUT1                                     0x20000094   Data           1  lhsp.o(.data)
    EventFlag                                0x20000095   Data           1  lhsp.o(.data)
    adc_dma_tab                              0x200000a8   Data          12  main.o(.bss)
    SysClock                                 0x200000b4   Data          40  main.o(.bss)
    D                                        0x200000dc   Data          12  main.o(.bss)
    SMG_data_Decode_table                    0x200000e8   Data           9  display.o(.bss)
    SetButton                                0x200000f4   Data          32  key.o(.bss)
    ModeButton                               0x20000114   Data          32  key.o(.bss)
    UpButton                                 0x20000134   Data          32  key.o(.bss)
    DownButton                               0x20000154   Data          32  key.o(.bss)
    ADC_Display_Value                        0x20000174   Data        1032  lhsp.o(.bss)
    __initial_sp                             0x20000980   Data           0  startup_stm32f0xx_ld.o(STACK)



==============================================================================

Memory Map of the image

  Image Entry point : 0x080000b1

  Load Region LR_IROM1 (Base: 0x08000000, Size: 0x0000296c, Max: 0x00010000, ABSOLUTE)

    Execution Region ER_IROM1 (Base: 0x08000000, Size: 0x000028c4, Max: 0x00010000, ABSOLUTE)

    Base Addr    Size         Type   Attr      Idx    E Section Name        Object

    0x08000000   0x000000b0   Data   RO         4655    RESET               startup_stm32f0xx_ld.o
    0x080000b0   0x00000000   Code   RO         4660  * .ARM.Collect$$$$00000000  mc_p.l(entry.o)
    0x080000b0   0x00000004   Code   RO         4671    .ARM.Collect$$$$00000001  mc_p.l(entry2.o)
    0x080000b4   0x00000004   Code   RO         4674    .ARM.Collect$$$$00000004  mc_p.l(entry5.o)
    0x080000b8   0x00000000   Code   RO         4676    .ARM.Collect$$$$00000008  mc_p.l(entry7b.o)
    0x080000b8   0x00000000   Code   RO         4678    .ARM.Collect$$$$0000000A  mc_p.l(entry8b.o)
    0x080000b8   0x00000008   Code   RO         4679    .ARM.Collect$$$$0000000B  mc_p.l(entry9a.o)
    0x080000c0   0x00000000   Code   RO         4681    .ARM.Collect$$$$0000000D  mc_p.l(entry10a.o)
    0x080000c0   0x00000000   Code   RO         4683    .ARM.Collect$$$$0000000F  mc_p.l(entry11a.o)
    0x080000c0   0x00000004   Code   RO         4672    .ARM.Collect$$$$00002712  mc_p.l(entry2.o)
    0x080000c4   0x00000058   Code   RO         4656    .text               startup_stm32f0xx_ld.o
    0x0800011c   0x0000002c   Code   RO         4663    .text               mc_p.l(uidiv.o)
    0x08000148   0x00000028   Code   RO         4665    .text               mc_p.l(idiv.o)
    0x08000170   0x00000024   Code   RO         4667    .text               mc_p.l(memseta.o)
    0x08000194   0x00000024   Code   RO         4685    .text               mc_p.l(init.o)
    0x080001b8   0x00000040   Code   RO          648    i.ADCINcalibration  selfstudy.o
    0x080001f8   0x0000000a   Code   RO         1052    i.ADC_ChannelConfig  stm32f0xx_adc.o
    0x08000202   0x00000012   Code   RO         1056    i.ADC_Cmd           stm32f0xx_adc.o
    0x08000214   0x00000014   Code   RO         1058    i.ADC_DMACmd        stm32f0xx_adc.o
    0x08000228   0x00000010   Code   RO         1059    i.ADC_DMARequestModeConfig  stm32f0xx_adc.o
    0x08000238   0x00000020   Code   RO         1060    i.ADC_DeInit        stm32f0xx_adc.o
    0x08000258   0x0000002e   Code   RO         1062    i.ADC_GetCalibrationFactor  stm32f0xx_adc.o
    0x08000286   0x0000001c   Code   RO         1064    i.ADC_GetFlagStatus  stm32f0xx_adc.o
    0x080002a2   0x00000002   PAD
    0x080002a4   0x0000002c   Code   RO         1067    i.ADC_Init          stm32f0xx_adc.o
    0x080002d0   0x00000014   Code   RO         1069    i.ADC_OverrunModeCmd  stm32f0xx_adc.o
    0x080002e4   0x0000000a   Code   RO         1070    i.ADC_StartOfConversion  stm32f0xx_adc.o
    0x080002ee   0x00000010   Code   RO         1072    i.ADC_StructInit    stm32f0xx_adc.o
    0x080002fe   0x00000002   PAD
    0x08000300   0x00000174   Code   RO          938    i.ButtonMapping     lhsp.o
    0x08000474   0x00000060   Code   RO          359    i.ButtonMappingDisplay  display.o
    0x080004d4   0x000000cc   Code   RO          528    i.Button_Init       key.o
    0x080005a0   0x0000001c   Code   RO         1804    i.DAC_Cmd           stm32f0xx_dac.o
    0x080005bc   0x0000002e   Code   RO          147    i.DAC_GPIO_Init     main.o
    0x080005ea   0x00000002   PAD
    0x080005ec   0x00000028   Code   RO         1812    i.DAC_Init          stm32f0xx_dac.o
    0x08000614   0x00000028   Code   RO          148    i.DAC_OUT_Init      main.o
    0x0800063c   0x00000014   Code   RO         1813    i.DAC_SetChannel1Data  stm32f0xx_dac.o
    0x08000650   0x0000001c   Code   RO         1816    i.DAC_SoftwareTriggerCmd  stm32f0xx_dac.o
    0x0800066c   0x0000004c   Code   RO          149    i.DMA1_Channel1_IRQHandler  main.o
    0x080006b8   0x00000018   Code   RO         1963    i.DMA_ClearITPendingBit  stm32f0xx_dma.o
    0x080006d0   0x00000018   Code   RO         1964    i.DMA_Cmd           stm32f0xx_dma.o
    0x080006e8   0x000000c0   Code   RO         1965    i.DMA_DeInit        stm32f0xx_dma.o
    0x080007a8   0x00000020   Code   RO         1968    i.DMA_GetITStatus   stm32f0xx_dma.o
    0x080007c8   0x00000010   Code   RO         1969    i.DMA_ITConfig      stm32f0xx_dma.o
    0x080007d8   0x0000003c   Code   RO         1970    i.DMA_Init          stm32f0xx_dma.o
    0x08000814   0x0000001a   Code   RO         1973    i.DMA_StructInit    stm32f0xx_dma.o
    0x0800082e   0x00000002   PAD
    0x08000830   0x0000010c   Code   RO          939    i.DisplayMODE       lhsp.o
    0x0800093c   0x00000138   Code   RO          940    i.DisplayModeONE    lhsp.o
    0x08000a74   0x00000078   Code   RO          941    i.DisplayModeTHIRD  lhsp.o
    0x08000aec   0x00000090   Code   RO          942    i.DisplayModeTWO    lhsp.o
    0x08000b7c   0x00000044   Code   RO          151    i.FlashCheck        main.o
    0x08000bc0   0x00000084   Code   RO          152    i.Formula_100       main.o
    0x08000c44   0x00000070   Code   RO         2310    i.GPIO_Init         stm32f0xx_gpio.o
    0x08000cb4   0x00000020   Code   RO         2311    i.GPIO_PinAFConfig  stm32f0xx_gpio.o
    0x08000cd4   0x0000000e   Code   RO         2314    i.GPIO_ReadInputDataBit  stm32f0xx_gpio.o
    0x08000ce2   0x0000000e   Code   RO         2316    i.GPIO_ReadOutputDataBit  stm32f0xx_gpio.o
    0x08000cf0   0x00000018   Code   RO         2319    i.GPIO_StructInit   stm32f0xx_gpio.o
    0x08000d08   0x0000000c   Code   RO         2321    i.GPIO_WriteBit     stm32f0xx_gpio.o
    0x08000d14   0x0000000c   Code   RO          943    i.GetADCValue       lhsp.o
    0x08000d20   0x0000009c   Code   RO          944    i.GetEEPROM         lhsp.o
    0x08000dbc   0x00000018   Code   RO          361    i.GetIntNumber      display.o
    0x08000dd4   0x00000094   Code   RO          649    i.GetMAXADCValue    selfstudy.o
    0x08000e68   0x00000002   Code   RO            3    i.HardFault_Handler  stm32f0xx_it.o
    0x08000e6a   0x00000002   PAD
    0x08000e6c   0x000000ac   Code   RO          155    i.IO_GPIO_INIT      main.o
    0x08000f18   0x00000128   Code   RO          529    i.Key_Scan          key.o
    0x08001040   0x00000002   Code   RO            4    i.NMI_Handler       stm32f0xx_it.o
    0x08001042   0x00000002   PAD
    0x08001044   0x00000050   Code   RO         2723    i.NVIC_Init         stm32f0xx_misc.o
    0x08001094   0x00000002   Code   RO            5    i.PendSV_Handler    stm32f0xx_it.o
    0x08001096   0x00000040   Code   RO          530    i.PressCallback     key.o
    0x080010d6   0x00000002   PAD
    0x080010d8   0x0000002c   Code   RO         2829    i.RCC_ADCCLKConfig  stm32f0xx_rcc.o
    0x08001104   0x00000018   Code   RO         2830    i.RCC_AHBPeriphClockCmd  stm32f0xx_rcc.o
    0x0800111c   0x00000018   Code   RO         2832    i.RCC_APB1PeriphClockCmd  stm32f0xx_rcc.o
    0x08001134   0x00000018   Code   RO         2833    i.RCC_APB1PeriphResetCmd  stm32f0xx_rcc.o
    0x0800114c   0x00000018   Code   RO         2834    i.RCC_APB2PeriphClockCmd  stm32f0xx_rcc.o
    0x08001164   0x00000018   Code   RO         2835    i.RCC_APB2PeriphResetCmd  stm32f0xx_rcc.o
    0x0800117c   0x00000058   Code   RO          156    i.RCC_Configuration  main.o
    0x080011d4   0x0000005c   Code   RO         2843    i.RCC_DeInit        stm32f0xx_rcc.o
    0x08001230   0x00000178   Code   RO         2844    i.RCC_GetClocksFreq  stm32f0xx_rcc.o
    0x080013a8   0x00000034   Code   RO         2845    i.RCC_GetFlagStatus  stm32f0xx_rcc.o
    0x080013dc   0x00000010   Code   RO         2847    i.RCC_GetSYSCLKSource  stm32f0xx_rcc.o
    0x080013ec   0x00000014   Code   RO         2848    i.RCC_HCLKConfig    stm32f0xx_rcc.o
    0x08001400   0x0000001c   Code   RO         2853    i.RCC_HSICmd        stm32f0xx_rcc.o
    0x0800141c   0x00000014   Code   RO         2860    i.RCC_PCLKConfig    stm32f0xx_rcc.o
    0x08001430   0x0000001c   Code   RO         2861    i.RCC_PLLCmd        stm32f0xx_rcc.o
    0x0800144c   0x0000001c   Code   RO         2862    i.RCC_PLLConfig     stm32f0xx_rcc.o
    0x08001468   0x00000014   Code   RO         2866    i.RCC_SYSCLKConfig  stm32f0xx_rcc.o
    0x0800147c   0x0000001a   Code   RO          531    i.ReadButtonStatus  key.o
    0x08001496   0x00000002   PAD
    0x08001498   0x00000040   Code   RO          363    i.SMG_Diplay        display.o
    0x080014d8   0x000000e8   Code   RO          372    i.SMG_DisplayModeONE  display.o
    0x080015c0   0x00000030   Code   RO          373    i.SMG_DisplayModeTHIRD  display.o
    0x080015f0   0x00000028   Code   RO          374    i.SMG_DisplayModeTWO  display.o
    0x08001618   0x00000018   Code   RO          375    i.SMG_DisplayOUT_STATUS  display.o
    0x08001630   0x000000d0   Code   RO          376    i.SMG_DisplaySET_Step_1_Mode  display.o
    0x08001700   0x000000d0   Code   RO          377    i.SMG_DisplaySET_Step_2_Mode  display.o
    0x080017d0   0x000001f4   Code   RO          157    i.SMG_GPIO_INIT     main.o
    0x080019c4   0x00000002   Code   RO            6    i.SVC_Handler       stm32f0xx_it.o
    0x080019c6   0x00000002   PAD
    0x080019c8   0x00000080   Code   RO          946    i.SetOUT2Status     lhsp.o
    0x08001a48   0x00000058   Code   RO         4618    i.SetSysClock       system_stm32f0xx.o
    0x08001aa0   0x00000070   Code   RO          947    i.ShortCircuitProtection  lhsp.o
    0x08001b10   0x00000002   Code   RO            7    i.SysTick_Handler   stm32f0xx_it.o
    0x08001b12   0x00000002   PAD
    0x08001b14   0x00000060   Code   RO         4620    i.SystemInit        system_stm32f0xx.o
    0x08001b74   0x00000020   Code   RO          158    i.TIM1_BRK_UP_TRG_COM_IRQHandler  main.o
    0x08001b94   0x0000001a   Code   RO          159    i.TIM2_IRQHandler   main.o
    0x08001bae   0x00000002   PAD
    0x08001bb0   0x0000009c   Code   RO          160    i.TIM3_IRQHandler   main.o
    0x08001c4c   0x00000012   Code   RO         3697    i.TIM_ARRPreloadConfig  stm32f0xx_tim.o
    0x08001c5e   0x00000006   Code   RO         3704    i.TIM_ClearITPendingBit  stm32f0xx_tim.o
    0x08001c64   0x00000014   Code   RO         3709    i.TIM_Cmd           stm32f0xx_tim.o
    0x08001c78   0x00000018   Code   RO         3711    i.TIM_CtrlPWMOutputs  stm32f0xx_tim.o
    0x08001c90   0x000000cc   Code   RO         3714    i.TIM_DeInit        stm32f0xx_tim.o
    0x08001d5c   0x00000018   Code   RO         3730    i.TIM_GetITStatus   stm32f0xx_tim.o
    0x08001d74   0x00000010   Code   RO         3734    i.TIM_ITConfig      stm32f0xx_tim.o
    0x08001d84   0x0000007c   Code   RO         3738    i.TIM_OC1Init       stm32f0xx_tim.o
    0x08001e00   0x0000000c   Code   RO         3741    i.TIM_OC1PreloadConfig  stm32f0xx_tim.o
    0x08001e0c   0x00000090   Code   RO         3743    i.TIM_OC2Init       stm32f0xx_tim.o
    0x08001e9c   0x00000014   Code   RO         3746    i.TIM_OC2PreloadConfig  stm32f0xx_tim.o
    0x08001eb0   0x0000000c   Code   RO         3763    i.TIM_SelectInputTrigger  stm32f0xx_tim.o
    0x08001ebc   0x00000010   Code   RO         3764    i.TIM_SelectMasterSlaveMode  stm32f0xx_tim.o
    0x08001ecc   0x00000010   Code   RO         3768    i.TIM_SelectOutputTrigger  stm32f0xx_tim.o
    0x08001edc   0x00000010   Code   RO         3769    i.TIM_SelectSlaveMode  stm32f0xx_tim.o
    0x08001eec   0x00000074   Code   RO         3782    i.TIM_TimeBaseInit  stm32f0xx_tim.o
    0x08001f60   0x00000012   Code   RO         3783    i.TIM_TimeBaseStructInit  stm32f0xx_tim.o
    0x08001f72   0x00000010   Code   RO          948    i.Test_Delay        lhsp.o
    0x08001f82   0x0000000e   Code   RO         4689    i.__scatterload_copy  mc_p.l(handlers.o)
    0x08001f90   0x00000002   Code   RO         4690    i.__scatterload_null  mc_p.l(handlers.o)
    0x08001f92   0x0000000e   Code   RO         4691    i.__scatterload_zeroinit  mc_p.l(handlers.o)
    0x08001fa0   0x00000088   Code   RO          165    i.adc_config        main.o
    0x08002028   0x00000080   Code   RO          166    i.adc_dma_init      main.o
    0x080020a8   0x0000002e   Code   RO          167    i.adc_gpio_init     main.o
    0x080020d6   0x00000002   PAD
    0x080020d8   0x000001ec   Code   RO          168    i.adc_timer_init    main.o
    0x080022c4   0x00000044   Code   RO          777    i.bsp_InitI2C       bsp_i2c_gpio.o
    0x08002308   0x000000a0   Code   RO          949    i.differenttialDC   lhsp.o
    0x080023a8   0x00000018   Code   RO          906    i.ee_CheckOk        bsp_eeprom_24xx.o
    0x080023c0   0x0000006c   Code   RO          907    i.ee_ReadBytes      bsp_eeprom_24xx.o
    0x0800242c   0x00000078   Code   RO          908    i.ee_WriteBytes     bsp_eeprom_24xx.o
    0x080024a4   0x00000028   Code   RO          778    i.i2c_Ack           bsp_i2c_gpio.o
    0x080024cc   0x00000030   Code   RO          779    i.i2c_CheckDevice   bsp_i2c_gpio.o
    0x080024fc   0x0000000c   Code   RO          780    i.i2c_Delay         bsp_i2c_gpio.o
    0x08002508   0x00000024   Code   RO          781    i.i2c_NAck          bsp_i2c_gpio.o
    0x0800252c   0x00000038   Code   RO          782    i.i2c_ReadByte      bsp_i2c_gpio.o
    0x08002564   0x00000048   Code   RO          783    i.i2c_SendByte      bsp_i2c_gpio.o
    0x080025ac   0x00000028   Code   RO          784    i.i2c_Start         bsp_i2c_gpio.o
    0x080025d4   0x0000001c   Code   RO          785    i.i2c_Stop          bsp_i2c_gpio.o
    0x080025f0   0x00000034   Code   RO          786    i.i2c_WaitAck       bsp_i2c_gpio.o
    0x08002624   0x0000004c   Code   RO          170    i.main              main.o
    0x08002670   0x00000080   Code   RO          650    i.selfstudy         selfstudy.o
    0x080026f0   0x000000a8   Code   RO          380    i.send_bit_RP1      display.o
    0x08002798   0x00000094   Code   RO          381    i.send_seg_RP0      display.o
    0x0800282c   0x00000014   Code   RO          171    i.user_adc_init     main.o
    0x08002840   0x00000062   Data   RO          383    .constdata          display.o
    0x080028a2   0x00000002   PAD
    0x080028a4   0x00000020   Data   RO         4687    Region$$Table       anon$$obj.o


    Execution Region RW_IRAM1 (Base: 0x20000000, Size: 0x00000980, Max: 0x00002000, ABSOLUTE)

    Base Addr    Size         Type   Attr      Idx    E Section Name        Object

    0x20000000   0x00000024   Data   RW          180    .data               main.o
    0x20000024   0x00000004   Data   RW          188    .data               main.o
    0x20000028   0x00000014   Data   RW          384    .data               display.o
    0x2000003c   0x00000014   Data   RW          579    .data               menu.o
    0x20000050   0x00000014   Data   RW          651    .data               selfstudy.o
    0x20000064   0x00000030   Data   RW          955    .data               lhsp.o
    0x20000094   0x00000001   Data   RW          958    .data               lhsp.o
    0x20000095   0x00000001   Data   RW          961    .data               lhsp.o
    0x20000096   0x00000010   Data   RW         2870    .data               stm32f0xx_rcc.o
    0x200000a6   0x00000002   PAD
    0x200000a8   0x00000040   Zero   RW          172    .bss                main.o
    0x200000e8   0x00000009   Zero   RW          382    .bss                display.o
    0x200000f1   0x00000003   PAD
    0x200000f4   0x00000080   Zero   RW          532    .bss                key.o
    0x20000174   0x00000408   Zero   RW          951    .bss                lhsp.o
    0x2000057c   0x00000004   PAD
    0x20000580   0x00000400   Zero   RW         4653    STACK               startup_stm32f0xx_ld.o


==============================================================================

Image component sizes


      Code (inc. data)   RO Data    RW Data    ZI Data      Debug   Object Name

       252          0          0          0          0       2276   bsp_eeprom_24xx.o
       452         34          0          0          0      10490   bsp_i2c_gpio.o
      1260        122         98         20          9      17292   display.o
       590         22          0          0        128       4071   key.o
      1800        164          0         50       1032      10644   lhsp.o
      2234        146          0         40         64      11929   main.o
         0          0          0         20          0       4802   menu.o
       340         46          0         20          0       2281   selfstudy.o
        88         38        176          0       1024        760   startup_stm32f0xx_ld.o
       260         10          0          0          0       7043   stm32f0xx_adc.o
       116         24          0          0          0       3100   stm32f0xx_dac.o
       374         40          0          0          0       5948   stm32f0xx_dma.o
       208          6          0          0          0       4202   stm32f0xx_gpio.o
        10          0          0          0          0     243651   stm32f0xx_it.o
        80         10          0          0          0       1056   stm32f0xx_misc.o
       844        124          0         16          0      10649   stm32f0xx_rcc.o
       806        106          0          0          0      11777   stm32f0xx_tim.o
       184         20          0          0          0       1317   system_stm32f0xx.o

    ----------------------------------------------------------------------
      9922        912        308        168       2264     353288   Object Totals
         0          0         32          0          0          0   (incl. Generated)
        24          0          2          2          7          0   (incl. Padding)

    ----------------------------------------------------------------------

      Code (inc. data)   RO Data    RW Data    ZI Data      Debug   Library Member Name

         0          0          0          0          0          0   entry.o
         0          0          0          0          0          0   entry10a.o
         0          0          0          0          0          0   entry11a.o
         8          4          0          0          0          0   entry2.o
         4          0          0          0          0          0   entry5.o
         0          0          0          0          0          0   entry7b.o
         0          0          0          0          0          0   entry8b.o
         8          4          0          0          0          0   entry9a.o
        30          0          0          0          0          0   handlers.o
        40          0          0          0          0         72   idiv.o
        36          8          0          0          0         68   init.o
        36          0          0          0          0        100   memseta.o
        44          0          0          0          0         72   uidiv.o

    ----------------------------------------------------------------------
       206         16          0          0          0        312   Library Totals
         0          0          0          0          0          0   (incl. Padding)

    ----------------------------------------------------------------------

      Code (inc. data)   RO Data    RW Data    ZI Data      Debug   Library Name

       206         16          0          0          0        312   mc_p.l

    ----------------------------------------------------------------------
       206         16          0          0          0        312   Library Totals

    ----------------------------------------------------------------------

==============================================================================


      Code (inc. data)   RO Data    RW Data    ZI Data      Debug   

     10128        928        308        168       2264     348208   Grand Totals
     10128        928        308        168       2264     348208   ELF Image Totals
     10128        928        308        168          0          0   ROM Totals

==============================================================================

    Total RO  Size (Code + RO Data)                10436 (  10.19kB)
    Total RW  Size (RW Data + ZI Data)              2432 (   2.38kB)
    Total ROM Size (Code + RO Data + RW Data)      10604 (  10.36kB)

==============================================================================

